td3_ln10_L2_utd1_pd2_b0.75_s6 step 10000 ret -172.0 bias 89.79 q 0.3 mc -89.5 t 1s
td3_ln10_L2_utd1_pd2_b0.75_s6 step 20000 ret -173.3 bias 79.63 q 12.1 mc -67.5 t 111s
td3_ln10_L2_utd1_pd2_b0.75_s6 step 30000 ret -30.6 bias 18.09 q 6.1 mc -12.0 t 253s
td3_ln10_L2_utd1_pd2_b0.75_s6 step 40000 ret 1.4 bias 38.83 q 33.3 mc -5.6 t 399s
td3_ln10_L2_utd1_pd2_b0.75_s6 step 50000 ret -46.1 bias 53.52 q 29.3 mc -24.2 t 556s
td3_ln10_L2_utd1_pd2_b0.75_s6 step 60000 ret -152.4 bias 50.95 q 20.6 mc -30.4 t 715s
td3_ln10_L2_utd1_pd2_b0.75_s6 step 70000 ret -26.2 bias 38.90 q 35.1 mc -3.8 t 874s
td3_ln10_L2_utd1_pd2_b0.75_s6 step 80000 ret 49.6 bias 29.37 q 43.5 mc 14.1 t 1034s
td3_ln10_L2_utd1_pd2_b0.75_s6 step 90000 ret -23.1 bias 38.76 q 41.6 mc 2.8 t 1194s
td3_ln10_L2_utd1_pd2_b0.75_s6 step 100000 ret 135.2 bias 20.93 q 43.1 mc 22.2 t 1356s
td3_ln10_L2_utd1_pd2_b0.75_s6 step 110000 ret 185.9 bias 13.60 q 45.1 mc 31.5 t 1521s
td3_ln10_L2_utd1_pd2_b0.75_s6 step 120000 ret 107.4 bias 26.40 q 45.3 mc 18.9 t 1682s
td3_ln10_L2_utd1_pd2_b0.75_s6 step 130000 ret 83.2 bias 27.07 q 42.6 mc 15.5 t 1843s
td3_ln10_L2_utd1_pd2_b0.75_s6 step 140000 ret 261.0 bias -11.84 q 48.5 mc 60.4 t 2005s
td3_ln10_L2_utd1_pd2_b0.75_s6 step 150000 ret 156.7 bias 16.29 q 48.8 mc 32.5 t 2165s
td3_ln10_L2_utd1_pd2_b0.75_s6 step 160000 ret 223.7 bias 5.76 q 44.0 mc 38.2 t 2324s
td3_ln10_L2_utd1_pd2_b0.75_s6 step 170000 ret 169.6 bias 5.31 q 62.3 mc 57.0 t 2482s
td3_ln10_L2_utd1_pd2_b0.75_s6 step 180000 ret 137.8 bias 23.69 q 56.3 mc 32.6 t 2641s
td3_ln10_L2_utd1_pd2_b0.75_s6 step 190000 ret 34.2 bias 45.24 q 48.4 mc 3.2 t 2802s
td3_ln10_L2_utd1_pd2_b0.75_s6 step 200000 ret 39.8 bias 41.57 q 45.0 mc 3.4 t 2958s
td3_ln10_L2_utd1_pd2_b0.75_s6 step 210000 ret 117.5 bias 19.68 q 41.1 mc 21.4 t 3117s
td3_ln10_L2_utd1_pd2_b0.75_s6 step 220000 ret 165.8 bias 9.08 q 42.8 mc 33.7 t 3277s
td3_ln10_L2_utd1_pd2_b0.75_s6 step 230000 ret 239.0 bias 2.20 q 56.8 mc 54.6 t 3423s
td3_ln10_L2_utd1_pd2_b0.75_s6 step 240000 ret 148.0 bias 21.19 q 58.6 mc 37.4 t 3562s
td3_ln10_L2_utd1_pd2_b0.75_s6 step 250000 ret 140.3 bias 23.34 q 55.1 mc 31.7 t 3699s
td3_ln10_L2_utd1_pd2_b0.75_s6 step 260000 ret 130.4 bias 28.96 q 49.9 mc 20.9 t 3813s
td3_ln10_L2_utd1_pd2_b0.75_s6 step 270000 ret 162.8 bias 19.60 q 49.7 mc 30.1 t 3918s
td3_ln10_L2_utd1_pd2_b0.75_s6 step 280000 ret 205.3 bias 12.28 q 49.7 mc 37.5 t 4007s
td3_ln10_L2_utd1_pd2_b0.75_s6 step 290000 ret 216.5 bias 4.88 q 55.4 mc 50.6 t 4092s
td3_ln10_L2_utd1_pd2_b0.75_s6 step 300000 ret 118.9 bias 27.83 q 45.2 mc 17.4 t 4175s
