td3_ln00_L2_utd1_pd2_b0.75_s4 step 10000 ret -219.9 bias 104.75 q -0.0 mc -104.8 t 1s
td3_ln00_L2_utd1_pd2_b0.75_s4 step 20000 ret -132.6 bias 23.20 q -0.6 mc -23.8 t 140s
td3_ln00_L2_utd1_pd2_b0.75_s4 step 30000 ret -31.6 bias 28.42 q 23.9 mc -4.5 t 281s
td3_ln00_L2_utd1_pd2_b0.75_s4 step 40000 ret -55.6 bias 29.62 q 20.0 mc -9.7 t 421s
td3_ln00_L2_utd1_pd2_b0.75_s4 step 50000 ret -4.7 bias 19.62 q 20.3 mc 0.6 t 561s
td3_ln00_L2_utd1_pd2_b0.75_s4 step 60000 ret 2.5 bias 23.20 q 19.4 mc -3.8 t 703s
td3_ln00_L2_utd1_pd2_b0.75_s4 step 70000 ret -27.2 bias 24.85 q 24.9 mc -0.0 t 846s
td3_ln00_L2_utd1_pd2_b0.75_s4 step 80000 ret -13.5 bias 26.95 q 28.6 mc 1.6 t 987s
td3_ln00_L2_utd1_pd2_b0.75_s4 step 90000 ret -14.0 bias 23.82 q 27.0 mc 3.2 t 1131s
td3_ln00_L2_utd1_pd2_b0.75_s4 step 100000 ret -74.4 bias 33.91 q 23.0 mc -10.9 t 1277s
td3_ln00_L2_utd1_pd2_b0.75_s4 step 110000 ret 25.4 bias 18.24 q 25.7 mc 7.4 t 1424s
td3_ln00_L2_utd1_pd2_b0.75_s4 step 120000 ret 9.9 bias 19.69 q 23.5 mc 3.9 t 1549s
td3_ln00_L2_utd1_pd2_b0.75_s4 step 130000 ret 23.6 bias 20.90 q 25.5 mc 4.6 t 1667s
td3_ln00_L2_utd1_pd2_b0.75_s4 step 140000 ret 109.3 bias 7.41 q 18.7 mc 11.3 t 1785s
td3_ln00_L2_utd1_pd2_b0.75_s4 step 150000 ret -63.8 bias 32.36 q 21.4 mc -10.9 t 1902s
td3_ln00_L2_utd1_pd2_b0.75_s4 step 160000 ret -139.0 bias 46.87 q 27.1 mc -19.8 t 2019s
td3_ln00_L2_utd1_pd2_b0.75_s4 step 170000 ret -26.3 bias 27.30 q 24.3 mc -3.0 t 2135s
td3_ln00_L2_utd1_pd2_b0.75_s4 step 180000 ret 110.5 bias 4.38 q 20.4 mc 16.0 t 2252s
td3_ln00_L2_utd1_pd2_b0.75_s4 step 190000 ret 97.7 bias 7.04 q 20.4 mc 13.4 t 2369s
td3_ln00_L2_utd1_pd2_b0.75_s4 step 200000 ret 49.3 bias 9.40 q 17.7 mc 8.3 t 2485s
td3_ln00_L2_utd1_pd2_b0.75_s4 step 210000 ret 169.2 bias -8.29 q 21.1 mc 29.3 t 2602s
td3_ln00_L2_utd1_pd2_b0.75_s4 step 220000 ret 155.9 bias -3.94 q 23.3 mc 27.2 t 2718s
td3_ln00_L2_utd1_pd2_b0.75_s4 step 230000 ret 75.1 bias 9.25 q 20.7 mc 11.5 t 2833s
td3_ln00_L2_utd1_pd2_b0.75_s4 step 240000 ret -35.6 bias 26.44 q 21.3 mc -5.2 t 2950s
td3_ln00_L2_utd1_pd2_b0.75_s4 step 250000 ret 45.1 bias 10.72 q 17.7 mc 7.0 t 3067s
td3_ln00_L2_utd1_pd2_b0.75_s4 step 260000 ret 12.3 bias 15.97 q 16.9 mc 0.9 t 3187s
td3_ln00_L2_utd1_pd2_b0.75_s4 step 270000 ret 49.3 bias 4.13 q 13.8 mc 9.7 t 3326s
td3_ln00_L2_utd1_pd2_b0.75_s4 step 280000 ret 217.0 bias -20.16 q 15.6 mc 35.8 t 3451s
td3_ln00_L2_utd1_pd2_b0.75_s4 step 290000 ret 238.4 bias -30.14 q 20.0 mc 50.2 t 3573s
td3_ln00_L2_utd1_pd2_b0.75_s4 step 300000 ret 260.3 bias -43.01 q 23.1 mc 66.1 t 3695s
