td3_ln00_L2_utd1_pd2_b0.75_s9 step 10000 ret -293.0 bias 138.10 q -0.0 mc -138.1 t 1s
td3_ln00_L2_utd1_pd2_b0.75_s9 step 20000 ret -77.0 bias 22.93 q -3.8 mc -26.7 t 95s
td3_ln00_L2_utd1_pd2_b0.75_s9 step 30000 ret -67.6 bias 10.35 q -12.9 mc -23.3 t 203s
td3_ln00_L2_utd1_pd2_b0.75_s9 step 40000 ret 67.1 bias -10.68 q -0.5 mc 10.2 t 320s
td3_ln00_L2_utd1_pd2_b0.75_s9 step 50000 ret -13.1 bias 23.26 q 15.0 mc -8.2 t 431s
td3_ln00_L2_utd1_pd2_b0.75_s9 step 60000 ret 4.3 bias 23.95 q 24.5 mc 0.6 t 543s
td3_ln00_L2_utd1_pd2_b0.75_s9 step 70000 ret -80.9 bias 48.16 q 21.4 mc -26.7 t 656s
td3_ln00_L2_utd1_pd2_b0.75_s9 step 80000 ret -140.6 bias 71.24 q 32.6 mc -38.6 t 770s
td3_ln00_L2_utd1_pd2_b0.75_s9 step 90000 ret -35.4 bias 51.30 q 47.5 mc -3.8 t 885s
td3_ln00_L2_utd1_pd2_b0.75_s9 step 100000 ret 23.6 bias 40.15 q 45.1 mc 4.9 t 1000s
td3_ln00_L2_utd1_pd2_b0.75_s9 step 110000 ret -72.7 bias 42.54 q 31.1 mc -11.4 t 1114s
td3_ln00_L2_utd1_pd2_b0.75_s9 step 120000 ret -40.6 bias 50.00 q 48.9 mc -1.1 t 1228s
td3_ln00_L2_utd1_pd2_b0.75_s9 step 130000 ret 2.3 bias 38.70 q 38.3 mc -0.4 t 1342s
td3_ln00_L2_utd1_pd2_b0.75_s9 step 140000 ret 5.7 bias 34.84 q 36.7 mc 1.9 t 1458s
td3_ln00_L2_utd1_pd2_b0.75_s9 step 150000 ret 31.5 bias 30.50 q 31.5 mc 1.0 t 1571s
td3_ln00_L2_utd1_pd2_b0.75_s9 step 160000 ret 38.1 bias 21.24 q 29.2 mc 8.0 t 1687s
td3_ln00_L2_utd1_pd2_b0.75_s9 step 170000 ret -14.2 bias 28.47 q 30.3 mc 1.8 t 1801s
td3_ln00_L2_utd1_pd2_b0.75_s9 step 180000 ret -15.6 bias 30.79 q 32.0 mc 1.2 t 1915s
td3_ln00_L2_utd1_pd2_b0.75_s9 step 190000 ret 6.4 bias 21.85 q 27.6 mc 5.8 t 2029s
td3_ln00_L2_utd1_pd2_b0.75_s9 step 200000 ret -18.7 bias 34.98 q 31.6 mc -3.4 t 2143s
td3_ln00_L2_utd1_pd2_b0.75_s9 step 210000 ret 19.3 bias 19.46 q 26.9 mc 7.5 t 2256s
td3_ln00_L2_utd1_pd2_b0.75_s9 step 220000 ret -38.3 bias 22.79 q 23.2 mc 0.4 t 2367s
td3_ln00_L2_utd1_pd2_b0.75_s9 step 230000 ret 11.2 bias 10.25 q 22.9 mc 12.6 t 2480s
td3_ln00_L2_utd1_pd2_b0.75_s9 step 240000 ret 8.9 bias 8.04 q 19.8 mc 11.7 t 2594s
td3_ln00_L2_utd1_pd2_b0.75_s9 step 250000 ret 87.0 bias 1.41 q 18.7 mc 17.3 t 2708s
td3_ln00_L2_utd1_pd2_b0.75_s9 step 260000 ret 28.8 bias 8.03 q 12.3 mc 4.3 t 2818s
td3_ln00_L2_utd1_pd2_b0.75_s9 step 270000 ret 186.8 bias -11.89 q 11.2 mc 23.1 t 2932s
td3_ln00_L2_utd1_pd2_b0.75_s9 step 280000 ret 219.3 bias -23.63 q 20.0 mc 43.7 t 3046s
td3_ln00_L2_utd1_pd2_b0.75_s9 step 290000 ret 196.5 bias -11.19 q 16.7 mc 27.9 t 3160s
td3_ln00_L2_utd1_pd2_b0.75_s9 step 300000 ret 198.9 bias -12.12 q 37.0 mc 49.2 t 3276s
