td3_ln00_L2_utd1_pd2_b0.75_s1 step 10000 ret -147.6 bias 86.08 q -0.0 mc -86.1 t 1s
td3_ln00_L2_utd1_pd2_b0.75_s1 step 20000 ret -66.8 bias 14.94 q 9.6 mc -5.4 t 141s
td3_ln00_L2_utd1_pd2_b0.75_s1 step 30000 ret -109.7 bias 46.04 q 5.1 mc -41.0 t 278s
td3_ln00_L2_utd1_pd2_b0.75_s1 step 40000 ret -25.9 bias 0.39 q -10.1 mc -10.5 t 415s
td3_ln00_L2_utd1_pd2_b0.75_s1 step 50000 ret 81.2 bias -4.69 q 5.7 mc 10.4 t 551s
td3_ln00_L2_utd1_pd2_b0.75_s1 step 60000 ret -133.3 bias 37.74 q 12.9 mc -24.8 t 689s
td3_ln00_L2_utd1_pd2_b0.75_s1 step 70000 ret 27.6 bias 20.91 q 23.8 mc 2.8 t 826s
td3_ln00_L2_utd1_pd2_b0.75_s1 step 80000 ret -48.3 bias 42.99 q 38.5 mc -4.5 t 965s
td3_ln00_L2_utd1_pd2_b0.75_s1 step 90000 ret -52.2 bias 41.39 q 38.4 mc -3.0 t 1106s
td3_ln00_L2_utd1_pd2_b0.75_s1 step 100000 ret -27.6 bias 49.80 q 50.7 mc 0.9 t 1248s
td3_ln00_L2_utd1_pd2_b0.75_s1 step 110000 ret -25.2 bias 43.50 q 38.7 mc -4.8 t 1392s
td3_ln00_L2_utd1_pd2_b0.75_s1 step 120000 ret -78.9 bias 64.57 q 48.5 mc -16.1 t 1536s
td3_ln00_L2_utd1_pd2_b0.75_s1 step 130000 ret -47.6 bias 48.35 q 41.9 mc -6.5 t 1681s
td3_ln00_L2_utd1_pd2_b0.75_s1 step 140000 ret -125.7 bias 71.77 q 44.7 mc -27.1 t 1824s
td3_ln00_L2_utd1_pd2_b0.75_s1 step 150000 ret -47.3 bias 52.15 q 48.5 mc -3.6 t 1968s
td3_ln00_L2_utd1_pd2_b0.75_s1 step 160000 ret -3.4 bias 51.94 q 52.2 mc 0.3 t 2108s
td3_ln00_L2_utd1_pd2_b0.75_s1 step 170000 ret 19.2 bias 40.40 q 42.7 mc 2.3 t 2250s
td3_ln00_L2_utd1_pd2_b0.75_s1 step 180000 ret -26.5 bias 49.66 q 47.7 mc -1.9 t 2387s
td3_ln00_L2_utd1_pd2_b0.75_s1 step 190000 ret 38.2 bias 35.78 q 42.5 mc 6.7 t 2532s
td3_ln00_L2_utd1_pd2_b0.75_s1 step 200000 ret 168.4 bias 16.53 q 50.5 mc 34.0 t 2678s
td3_ln00_L2_utd1_pd2_b0.75_s1 step 210000 ret 223.7 bias 15.62 q 52.9 mc 37.3 t 2822s
td3_ln00_L2_utd1_pd2_b0.75_s1 step 220000 ret 5.8 bias 37.28 q 39.9 mc 2.6 t 2962s
td3_ln00_L2_utd1_pd2_b0.75_s1 step 230000 ret 12.2 bias 33.61 q 40.8 mc 7.2 t 3104s
td3_ln00_L2_utd1_pd2_b0.75_s1 step 240000 ret 72.1 bias 35.33 q 40.9 mc 5.6 t 3228s
td3_ln00_L2_utd1_pd2_b0.75_s1 step 250000 ret 145.7 bias 21.19 q 40.8 mc 19.6 t 3342s
td3_ln00_L2_utd1_pd2_b0.75_s1 step 260000 ret 193.4 bias 10.95 q 44.3 mc 33.4 t 3449s
td3_ln00_L2_utd1_pd2_b0.75_s1 step 270000 ret 238.3 bias 4.83 q 52.0 mc 47.2 t 3554s
td3_ln00_L2_utd1_pd2_b0.75_s1 step 280000 ret 244.4 bias 0.37 q 56.4 mc 56.1 t 3660s
td3_ln00_L2_utd1_pd2_b0.75_s1 step 290000 ret 251.1 bias 4.74 q 59.9 mc 55.1 t 3742s
td3_ln00_L2_utd1_pd2_b0.75_s1 step 300000 ret 259.9 bias 1.33 q 62.0 mc 60.6 t 3810s
