td3_ln10_L2_utd1_pd2_b0.75_s4 step 10000 ret -219.9 bias 104.47 q -0.3 mc -104.8 t 1s
td3_ln10_L2_utd1_pd2_b0.75_s4 step 20000 ret -238.8 bias 60.58 q -3.8 mc -64.3 t 158s
td3_ln10_L2_utd1_pd2_b0.75_s4 step 30000 ret -96.7 bias -5.40 q -22.7 mc -17.3 t 281s
td3_ln10_L2_utd1_pd2_b0.75_s4 step 40000 ret -137.9 bias 18.43 q -3.9 mc -22.3 t 428s
td3_ln10_L2_utd1_pd2_b0.75_s4 step 50000 ret -46.8 bias 25.94 q 21.5 mc -4.4 t 585s
td3_ln10_L2_utd1_pd2_b0.75_s4 step 60000 ret -40.2 bias 32.23 q 30.9 mc -1.3 t 744s
td3_ln10_L2_utd1_pd2_b0.75_s4 step 70000 ret -47.4 bias 42.65 q 39.7 mc -3.0 t 903s
td3_ln10_L2_utd1_pd2_b0.75_s4 step 80000 ret -27.9 bias 44.93 q 43.7 mc -1.2 t 1062s
td3_ln10_L2_utd1_pd2_b0.75_s4 step 90000 ret -48.5 bias 44.25 q 40.9 mc -3.3 t 1222s
td3_ln10_L2_utd1_pd2_b0.75_s4 step 100000 ret -75.9 bias 49.18 q 36.2 mc -13.0 t 1385s
td3_ln10_L2_utd1_pd2_b0.75_s4 step 110000 ret -41.8 bias 41.41 q 37.6 mc -3.8 t 1529s
td3_ln10_L2_utd1_pd2_b0.75_s4 step 120000 ret -34.9 bias 34.64 q 32.4 mc -2.2 t 1658s
td3_ln10_L2_utd1_pd2_b0.75_s4 step 130000 ret -40.3 bias 29.52 q 26.2 mc -3.4 t 1786s
td3_ln10_L2_utd1_pd2_b0.75_s4 step 140000 ret -13.5 bias 30.70 q 30.7 mc -0.0 t 1914s
td3_ln10_L2_utd1_pd2_b0.75_s4 step 150000 ret -51.5 bias 26.74 q 23.2 mc -3.5 t 2044s
td3_ln10_L2_utd1_pd2_b0.75_s4 step 160000 ret -39.1 bias 20.42 q 18.6 mc -1.8 t 2173s
td3_ln10_L2_utd1_pd2_b0.75_s4 step 170000 ret 0.4 bias 11.29 q 15.1 mc 3.8 t 2303s
td3_ln10_L2_utd1_pd2_b0.75_s4 step 180000 ret -28.4 bias 14.43 q 14.2 mc -0.2 t 2432s
td3_ln10_L2_utd1_pd2_b0.75_s4 step 190000 ret -21.7 bias 9.68 q 8.8 mc -0.9 t 2561s
td3_ln10_L2_utd1_pd2_b0.75_s4 step 200000 ret -17.0 bias 6.23 q 7.6 mc 1.4 t 2691s
td3_ln10_L2_utd1_pd2_b0.75_s4 step 210000 ret 24.2 bias 1.68 q 8.3 mc 6.6 t 2820s
td3_ln10_L2_utd1_pd2_b0.75_s4 step 220000 ret 29.9 bias -3.13 q 4.7 mc 7.8 t 2949s
td3_ln10_L2_utd1_pd2_b0.75_s4 step 230000 ret 166.9 bias -19.15 q 13.0 mc 32.1 t 3078s
td3_ln10_L2_utd1_pd2_b0.75_s4 step 240000 ret 225.5 bias -33.97 q 21.6 mc 55.6 t 3206s
td3_ln10_L2_utd1_pd2_b0.75_s4 step 250000 ret 164.5 bias -12.90 q 17.3 mc 30.2 t 3334s
td3_ln10_L2_utd1_pd2_b0.75_s4 step 260000 ret 256.1 bias -31.81 q 45.1 mc 76.9 t 3457s
td3_ln10_L2_utd1_pd2_b0.75_s4 step 270000 ret 189.9 bias 1.34 q 48.8 mc 47.4 t 3577s
td3_ln10_L2_utd1_pd2_b0.75_s4 step 280000 ret 273.3 bias -12.36 q 61.9 mc 74.2 t 3698s
td3_ln10_L2_utd1_pd2_b0.75_s4 step 290000 ret 263.8 bias -11.40 q 75.0 mc 86.4 t 3813s
td3_ln10_L2_utd1_pd2_b0.75_s4 step 300000 ret 271.6 bias -8.56 q 78.3 mc 86.9 t 3919s
