td3_ln00_L2_utd1_pd2_b0.75_s8 step 10000 ret -135.3 bias 82.05 q -0.1 mc -82.1 t 1s
td3_ln00_L2_utd1_pd2_b0.75_s8 step 20000 ret -149.1 bias 37.80 q -8.9 mc -46.7 t 140s
td3_ln00_L2_utd1_pd2_b0.75_s8 step 30000 ret -18.8 bias 25.25 q 5.8 mc -19.5 t 274s
td3_ln00_L2_utd1_pd2_b0.75_s8 step 40000 ret 42.0 bias -2.59 q 0.6 mc 3.2 t 403s
td3_ln00_L2_utd1_pd2_b0.75_s8 step 50000 ret 36.1 bias 3.49 q 4.0 mc 0.5 t 540s
td3_ln00_L2_utd1_pd2_b0.75_s8 step 60000 ret -28.3 bias -1.77 q -13.5 mc -11.7 t 680s
td3_ln00_L2_utd1_pd2_b0.75_s8 step 70000 ret 5.3 bias 12.57 q 11.9 mc -0.6 t 819s
td3_ln00_L2_utd1_pd2_b0.75_s8 step 80000 ret -66.8 bias 31.71 q 25.4 mc -6.4 t 958s
td3_ln00_L2_utd1_pd2_b0.75_s8 step 90000 ret -32.3 bias 32.81 q 26.3 mc -6.5 t 1098s
td3_ln00_L2_utd1_pd2_b0.75_s8 step 100000 ret -21.7 bias 25.94 q 25.9 mc -0.0 t 1239s
td3_ln00_L2_utd1_pd2_b0.75_s8 step 110000 ret -6.5 bias 25.27 q 27.7 mc 2.5 t 1380s
td3_ln00_L2_utd1_pd2_b0.75_s8 step 120000 ret -63.9 bias 30.22 q 20.9 mc -9.3 t 1519s
td3_ln00_L2_utd1_pd2_b0.75_s8 step 130000 ret 60.1 bias 19.17 q 20.7 mc 1.5 t 1657s
td3_ln00_L2_utd1_pd2_b0.75_s8 step 140000 ret -10.7 bias 25.08 q 25.4 mc 0.3 t 1797s
td3_ln00_L2_utd1_pd2_b0.75_s8 step 150000 ret 25.2 bias 27.38 q 31.5 mc 4.1 t 1939s
td3_ln00_L2_utd1_pd2_b0.75_s8 step 160000 ret -3.9 bias 20.07 q 20.8 mc 0.8 t 2076s
td3_ln00_L2_utd1_pd2_b0.75_s8 step 170000 ret -26.2 bias 29.27 q 26.8 mc -2.5 t 2218s
td3_ln00_L2_utd1_pd2_b0.75_s8 step 180000 ret -39.8 bias 22.39 q 15.6 mc -6.8 t 2358s
td3_ln00_L2_utd1_pd2_b0.75_s8 step 190000 ret -72.4 bias 20.11 q 4.6 mc -15.5 t 2497s
td3_ln00_L2_utd1_pd2_b0.75_s8 step 200000 ret -13.4 bias 9.89 q 7.4 mc -2.5 t 2635s
td3_ln00_L2_utd1_pd2_b0.75_s8 step 210000 ret 160.6 bias -6.63 q 16.5 mc 23.1 t 2776s
td3_ln00_L2_utd1_pd2_b0.75_s8 step 220000 ret 251.2 bias -25.01 q 32.9 mc 57.9 t 2913s
td3_ln00_L2_utd1_pd2_b0.75_s8 step 230000 ret 219.4 bias -21.28 q 43.9 mc 65.1 t 3049s
td3_ln00_L2_utd1_pd2_b0.75_s8 step 240000 ret 221.3 bias -10.74 q 38.4 mc 49.1 t 3191s
td3_ln00_L2_utd1_pd2_b0.75_s8 step 250000 ret 170.4 bias -1.52 q 34.7 mc 36.2 t 3332s
td3_ln00_L2_utd1_pd2_b0.75_s8 step 260000 ret 183.7 bias -1.66 q 40.9 mc 42.6 t 3460s
td3_ln00_L2_utd1_pd2_b0.75_s8 step 270000 ret 261.6 bias -17.35 q 52.8 mc 70.2 t 3585s
td3_ln00_L2_utd1_pd2_b0.75_s8 step 280000 ret 133.9 bias 10.74 q 33.6 mc 22.8 t 3706s
td3_ln00_L2_utd1_pd2_b0.75_s8 step 290000 ret 195.6 bias -2.69 q 40.2 mc 42.9 t 3808s
td3_ln00_L2_utd1_pd2_b0.75_s8 step 300000 ret 192.4 bias -0.07 q 40.2 mc 40.3 t 3905s
