td3_ln00_L2_utd1_pd2_b0.75_s7 step 10000 ret -369.8 bias 144.50 q 0.1 mc -144.4 t 1s
td3_ln00_L2_utd1_pd2_b0.75_s7 step 20000 ret -114.3 bias 25.85 q 15.6 mc -10.3 t 142s
td3_ln00_L2_utd1_pd2_b0.75_s7 step 30000 ret -48.0 bias 14.88 q 7.6 mc -7.2 t 255s
td3_ln00_L2_utd1_pd2_b0.75_s7 step 40000 ret -19.0 bias 14.73 q 15.1 mc 0.4 t 374s
td3_ln00_L2_utd1_pd2_b0.75_s7 step 50000 ret -118.8 bias 44.37 q 23.4 mc -20.9 t 484s
td3_ln00_L2_utd1_pd2_b0.75_s7 step 60000 ret -76.7 bias 41.54 q 28.7 mc -12.9 t 595s
td3_ln00_L2_utd1_pd2_b0.75_s7 step 70000 ret 112.3 bias -8.59 q 7.1 mc 15.7 t 707s
td3_ln00_L2_utd1_pd2_b0.75_s7 step 80000 ret 29.4 bias -0.30 q 3.2 mc 3.5 t 820s
td3_ln00_L2_utd1_pd2_b0.75_s7 step 90000 ret 53.7 bias 3.74 q 10.2 mc 6.5 t 934s
td3_ln00_L2_utd1_pd2_b0.75_s7 step 100000 ret 58.2 bias 0.08 q 6.0 mc 5.9 t 1048s
td3_ln00_L2_utd1_pd2_b0.75_s7 step 110000 ret -4.6 bias 6.05 q 11.1 mc 5.0 t 1161s
td3_ln00_L2_utd1_pd2_b0.75_s7 step 120000 ret -50.6 bias 27.37 q 21.0 mc -6.4 t 1274s
td3_ln00_L2_utd1_pd2_b0.75_s7 step 130000 ret -77.9 bias 55.53 q 38.3 mc -17.2 t 1388s
td3_ln00_L2_utd1_pd2_b0.75_s7 step 140000 ret -89.4 bias 47.61 q 29.8 mc -17.8 t 1503s
td3_ln00_L2_utd1_pd2_b0.75_s7 step 150000 ret -125.4 bias 44.57 q 21.6 mc -22.9 t 1617s
td3_ln00_L2_utd1_pd2_b0.75_s7 step 160000 ret -33.2 bias 28.60 q 22.2 mc -6.4 t 1731s
td3_ln00_L2_utd1_pd2_b0.75_s7 step 170000 ret 42.3 bias 10.95 q 16.9 mc 6.0 t 1845s
td3_ln00_L2_utd1_pd2_b0.75_s7 step 180000 ret 21.6 bias 13.35 q 16.7 mc 3.3 t 1960s
td3_ln00_L2_utd1_pd2_b0.75_s7 step 190000 ret -18.2 bias 20.78 q 17.2 mc -3.6 t 2075s
td3_ln00_L2_utd1_pd2_b0.75_s7 step 200000 ret -19.4 bias 17.44 q 16.4 mc -1.0 t 2191s
td3_ln00_L2_utd1_pd2_b0.75_s7 step 210000 ret -26.9 bias 14.89 q 13.7 mc -1.1 t 2307s
td3_ln00_L2_utd1_pd2_b0.75_s7 step 220000 ret 42.8 bias 12.24 q 18.1 mc 5.9 t 2423s
td3_ln00_L2_utd1_pd2_b0.75_s7 step 230000 ret 36.3 bias 6.31 q 11.0 mc 4.7 t 2539s
td3_ln00_L2_utd1_pd2_b0.75_s7 step 240000 ret 56.9 bias 8.43 q 14.2 mc 5.8 t 2654s
td3_ln00_L2_utd1_pd2_b0.75_s7 step 250000 ret 37.5 bias 8.65 q 14.0 mc 5.3 t 2769s
td3_ln00_L2_utd1_pd2_b0.75_s7 step 260000 ret 31.6 bias 11.55 q 17.6 mc 6.1 t 2883s
td3_ln00_L2_utd1_pd2_b0.75_s7 step 270000 ret 6.3 bias 24.94 q 17.1 mc -7.8 t 2997s
td3_ln00_L2_utd1_pd2_b0.75_s7 step 280000 ret 120.9 bias -6.94 q 17.7 mc 24.6 t 3111s
td3_ln00_L2_utd1_pd2_b0.75_s7 step 290000 ret 50.9 bias 12.34 q 15.7 mc 3.3 t 3224s
td3_ln00_L2_utd1_pd2_b0.75_s7 step 300000 ret 178.6 bias -11.61 q 19.0 mc 30.6 t 3337s
