td3_ln10_L2_utd1_pd2_b0.75_s1 step 10000 ret -147.6 bias 86.25 q 0.1 mc -86.1 t 1s
td3_ln10_L2_utd1_pd2_b0.75_s1 step 20000 ret -26.2 bias 24.86 q 15.2 mc -9.6 t 157s
td3_ln10_L2_utd1_pd2_b0.75_s1 step 30000 ret 33.2 bias 20.32 q 26.0 mc 5.7 t 280s
td3_ln10_L2_utd1_pd2_b0.75_s1 step 40000 ret 33.9 bias 24.69 q 26.8 mc 2.1 t 427s
td3_ln10_L2_utd1_pd2_b0.75_s1 step 50000 ret -226.8 bias 67.15 q 16.5 mc -50.6 t 582s
td3_ln10_L2_utd1_pd2_b0.75_s1 step 60000 ret 18.2 bias 46.85 q 43.9 mc -2.9 t 739s
td3_ln10_L2_utd1_pd2_b0.75_s1 step 70000 ret -104.4 bias 98.64 q 50.7 mc -47.9 t 896s
td3_ln10_L2_utd1_pd2_b0.75_s1 step 80000 ret 38.4 bias 42.28 q 56.0 mc 13.7 t 1052s
td3_ln10_L2_utd1_pd2_b0.75_s1 step 90000 ret 70.4 bias 43.22 q 56.3 mc 13.1 t 1210s
td3_ln10_L2_utd1_pd2_b0.75_s1 step 100000 ret 51.5 bias 46.27 q 56.9 mc 10.6 t 1371s
td3_ln10_L2_utd1_pd2_b0.75_s1 step 110000 ret -5.0 bias 55.68 q 57.5 mc 1.8 t 1532s
td3_ln10_L2_utd1_pd2_b0.75_s1 step 120000 ret 150.7 bias 30.43 q 61.1 mc 30.6 t 1692s
td3_ln10_L2_utd1_pd2_b0.75_s1 step 130000 ret 141.1 bias 28.05 q 69.7 mc 41.6 t 1852s
td3_ln10_L2_utd1_pd2_b0.75_s1 step 140000 ret 73.8 bias 47.86 q 61.3 mc 13.4 t 2013s
td3_ln10_L2_utd1_pd2_b0.75_s1 step 150000 ret 149.9 bias 27.70 q 65.7 mc 38.0 t 2172s
td3_ln10_L2_utd1_pd2_b0.75_s1 step 160000 ret 174.3 bias 23.00 q 64.9 mc 41.9 t 2329s
td3_ln10_L2_utd1_pd2_b0.75_s1 step 170000 ret 92.7 bias 38.51 q 56.0 mc 17.5 t 2487s
td3_ln10_L2_utd1_pd2_b0.75_s1 step 180000 ret 98.5 bias 43.99 q 55.8 mc 11.8 t 2645s
td3_ln10_L2_utd1_pd2_b0.75_s1 step 190000 ret 152.2 bias 25.33 q 64.7 mc 39.4 t 2804s
td3_ln10_L2_utd1_pd2_b0.75_s1 step 200000 ret 221.6 bias 2.97 q 63.2 mc 60.2 t 2959s
td3_ln10_L2_utd1_pd2_b0.75_s1 step 210000 ret 178.4 bias 18.86 q 67.8 mc 48.9 t 3116s
td3_ln10_L2_utd1_pd2_b0.75_s1 step 220000 ret 173.5 bias 30.24 q 58.5 mc 28.3 t 3275s
td3_ln10_L2_utd1_pd2_b0.75_s1 step 230000 ret 245.0 bias 5.97 q 66.1 mc 60.1 t 3421s
td3_ln10_L2_utd1_pd2_b0.75_s1 step 240000 ret 179.4 bias 28.30 q 54.5 mc 26.2 t 3560s
td3_ln10_L2_utd1_pd2_b0.75_s1 step 250000 ret 162.2 bias 28.24 q 53.9 mc 25.6 t 3697s
td3_ln10_L2_utd1_pd2_b0.75_s1 step 260000 ret 207.8 bias 17.82 q 54.3 mc 36.4 t 3812s
td3_ln10_L2_utd1_pd2_b0.75_s1 step 270000 ret 156.3 bias 25.87 q 62.6 mc 36.7 t 3918s
td3_ln10_L2_utd1_pd2_b0.75_s1 step 280000 ret 235.5 bias -2.03 q 73.0 mc 75.0 t 4005s
td3_ln10_L2_utd1_pd2_b0.75_s1 step 290000 ret 254.0 bias 12.13 q 70.3 mc 58.1 t 4086s
td3_ln10_L2_utd1_pd2_b0.75_s1 step 300000 ret 173.2 bias 16.99 q 63.6 mc 46.6 t 4167s
