td3_ln00_L2_utd1_pd2_b0.75_s5 step 10000 ret -200.8 bias 112.74 q 0.0 mc -112.7 t 1s
td3_ln00_L2_utd1_pd2_b0.75_s5 step 20000 ret -67.2 bias 11.17 q -0.2 mc -11.4 t 97s
td3_ln00_L2_utd1_pd2_b0.75_s5 step 30000 ret 119.3 bias -10.10 q 12.0 mc 22.1 t 205s
td3_ln00_L2_utd1_pd2_b0.75_s5 step 40000 ret 7.4 bias 35.56 q 28.7 mc -6.9 t 324s
td3_ln00_L2_utd1_pd2_b0.75_s5 step 50000 ret -43.0 bias 45.03 q 20.9 mc -24.1 t 433s
td3_ln00_L2_utd1_pd2_b0.75_s5 step 60000 ret -66.3 bias 44.34 q 34.9 mc -9.4 t 543s
td3_ln00_L2_utd1_pd2_b0.75_s5 step 70000 ret -57.0 bias 50.33 q 45.5 mc -4.8 t 655s
td3_ln00_L2_utd1_pd2_b0.75_s5 step 80000 ret -38.8 bias 58.94 q 55.2 mc -3.7 t 767s
td3_ln00_L2_utd1_pd2_b0.75_s5 step 90000 ret -40.1 bias 60.02 q 58.7 mc -1.3 t 881s
td3_ln00_L2_utd1_pd2_b0.75_s5 step 100000 ret -38.1 bias 56.78 q 54.1 mc -2.7 t 993s
td3_ln00_L2_utd1_pd2_b0.75_s5 step 110000 ret -21.7 bias 53.84 q 53.5 mc -0.3 t 1105s
td3_ln00_L2_utd1_pd2_b0.75_s5 step 120000 ret -40.1 bias 55.89 q 51.1 mc -4.8 t 1218s
td3_ln00_L2_utd1_pd2_b0.75_s5 step 130000 ret -13.5 bias 43.56 q 45.6 mc 2.1 t 1332s
td3_ln00_L2_utd1_pd2_b0.75_s5 step 140000 ret -25.2 bias 52.14 q 52.5 mc 0.4 t 1447s
td3_ln00_L2_utd1_pd2_b0.75_s5 step 150000 ret -34.8 bias 46.75 q 45.8 mc -0.9 t 1588s
td3_ln00_L2_utd1_pd2_b0.75_s5 step 160000 ret -15.9 bias 39.62 q 41.4 mc 1.8 t 1732s
td3_ln00_L2_utd1_pd2_b0.75_s5 step 170000 ret -13.3 bias 37.00 q 38.4 mc 1.4 t 1876s
td3_ln00_L2_utd1_pd2_b0.75_s5 step 180000 ret -38.0 bias 36.59 q 31.9 mc -4.7 t 2020s
td3_ln00_L2_utd1_pd2_b0.75_s5 step 190000 ret -21.8 bias 29.59 q 29.2 mc -0.4 t 2163s
td3_ln00_L2_utd1_pd2_b0.75_s5 step 200000 ret -28.2 bias 25.54 q 23.8 mc -1.7 t 2304s
td3_ln00_L2_utd1_pd2_b0.75_s5 step 210000 ret -43.0 bias 40.28 q 28.5 mc -11.8 t 2445s
td3_ln00_L2_utd1_pd2_b0.75_s5 step 220000 ret -2.3 bias 19.29 q 23.0 mc 3.7 t 2586s
td3_ln00_L2_utd1_pd2_b0.75_s5 step 230000 ret 57.9 bias 9.56 q 20.3 mc 10.8 t 2728s
td3_ln00_L2_utd1_pd2_b0.75_s5 step 240000 ret -48.4 bias 24.69 q 16.2 mc -8.4 t 2869s
td3_ln00_L2_utd1_pd2_b0.75_s5 step 250000 ret 57.7 bias 9.13 q 19.2 mc 10.0 t 3009s
td3_ln00_L2_utd1_pd2_b0.75_s5 step 260000 ret 176.9 bias -8.38 q 13.6 mc 22.0 t 3150s
td3_ln00_L2_utd1_pd2_b0.75_s5 step 270000 ret 46.9 bias 8.77 q 17.6 mc 8.8 t 3292s
td3_ln00_L2_utd1_pd2_b0.75_s5 step 280000 ret -8.2 bias 19.43 q 18.6 mc -0.8 t 3423s
td3_ln00_L2_utd1_pd2_b0.75_s5 step 290000 ret 198.5 bias -6.33 q 20.2 mc 26.6 t 3547s
td3_ln00_L2_utd1_pd2_b0.75_s5 step 300000 ret 178.5 bias 0.05 q 23.5 mc 23.4 t 3671s
