ddpg_ln00_L2_utd1_pd1_s1 step 10000 ret -147.6 bias 86.08 q -0.0 mc -86.1 t 1s
ddpg_ln00_L2_utd1_pd1_s1 step 20000 ret 4.2 bias 7.00 q 7.5 mc 0.5 t 105s
ddpg_ln00_L2_utd1_pd1_s1 step 30000 ret -62.3 bias 63.87 q 56.4 mc -7.4 t 207s
ddpg_ln00_L2_utd1_pd1_s1 step 40000 ret -20.9 bias 131.18 q 133.3 mc 2.1 t 307s
ddpg_ln00_L2_utd1_pd1_s1 step 50000 ret -65.4 bias 215.84 q 212.2 mc -3.6 t 404s
ddpg_ln00_L2_utd1_pd1_s1 step 60000 ret -445.2 bias 476.34 q 276.0 mc -200.4 t 501s
ddpg_ln00_L2_utd1_pd1_s1 step 70000 ret -102.2 bias 397.40 q 360.0 mc -37.4 t 597s
ddpg_ln00_L2_utd1_pd1_s1 step 80000 ret -128.8 bias 368.63 q 344.6 mc -24.0 t 698s
ddpg_ln00_L2_utd1_pd1_s1 step 90000 ret -36.0 bias 357.92 q 344.3 mc -13.6 t 803s
ddpg_ln00_L2_utd1_pd1_s1 step 100000 ret -77.6 bias 358.25 q 327.2 mc -31.0 t 909s
ddpg_ln00_L2_utd1_pd1_s1 step 110000 ret -124.7 bias 395.94 q 350.7 mc -45.3 t 1012s
ddpg_ln00_L2_utd1_pd1_s1 step 120000 ret -222.2 bias 394.74 q 325.4 mc -69.3 t 1115s
ddpg_ln00_L2_utd1_pd1_s1 step 130000 ret -115.8 bias 302.53 q 266.7 mc -35.8 t 1220s
ddpg_ln00_L2_utd1_pd1_s1 step 140000 ret -71.6 bias 238.77 q 227.4 mc -11.4 t 1324s
ddpg_ln00_L2_utd1_pd1_s1 step 150000 ret -39.2 bias 216.58 q 211.7 mc -4.9 t 1427s
ddpg_ln00_L2_utd1_pd1_s1 step 160000 ret 8.1 bias 212.55 q 212.4 mc -0.1 t 1530s
ddpg_ln00_L2_utd1_pd1_s1 step 170000 ret 38.0 bias 183.44 q 188.9 mc 5.5 t 1632s
ddpg_ln00_L2_utd1_pd1_s1 step 180000 ret -63.9 bias 210.13 q 190.0 mc -20.1 t 1734s
ddpg_ln00_L2_utd1_pd1_s1 step 190000 ret -69.3 bias 190.18 q 185.4 mc -4.7 t 1836s
ddpg_ln00_L2_utd1_pd1_s1 step 200000 ret -20.4 bias 169.86 q 168.0 mc -1.9 t 1937s
ddpg_ln00_L2_utd1_pd1_s1 step 210000 ret -119.1 bias 198.07 q 167.0 mc -31.0 t 2039s
ddpg_ln00_L2_utd1_pd1_s1 step 220000 ret 12.3 bias 161.35 q 156.9 mc -4.5 t 2141s
ddpg_ln00_L2_utd1_pd1_s1 step 230000 ret 10.1 bias 132.48 q 133.4 mc 0.9 t 2239s
ddpg_ln00_L2_utd1_pd1_s1 step 240000 ret -36.6 bias 146.68 q 136.9 mc -9.8 t 2343s
ddpg_ln00_L2_utd1_pd1_s1 step 250000 ret -49.8 bias 144.71 q 134.7 mc -10.0 t 2445s
ddpg_ln00_L2_utd1_pd1_s1 step 260000 ret 19.1 bias 126.17 q 129.9 mc 3.7 t 2548s
ddpg_ln00_L2_utd1_pd1_s1 step 270000 ret -66.7 bias 126.88 q 120.5 mc -6.4 t 2651s
ddpg_ln00_L2_utd1_pd1_s1 step 280000 ret -29.9 bias 102.45 q 95.7 mc -6.8 t 2755s
ddpg_ln00_L2_utd1_pd1_s1 step 290000 ret -38.8 bias 115.29 q 107.8 mc -7.5 t 2859s
ddpg_ln00_L2_utd1_pd1_s1 step 300000 ret 24.1 bias 110.14 q 112.3 mc 2.2 t 2966s
