ddpg_ln00_L2_utd1_pd1_s4 step 10000 ret -219.9 bias 104.75 q -0.0 mc -104.8 t 1s
ddpg_ln00_L2_utd1_pd1_s4 step 20000 ret -79.3 bias 51.79 q 27.5 mc -24.3 t 106s
ddpg_ln00_L2_utd1_pd1_s4 step 30000 ret -87.0 bias 86.00 q 64.1 mc -21.9 t 210s
ddpg_ln00_L2_utd1_pd1_s4 step 40000 ret -86.9 bias 95.49 q 80.6 mc -14.9 t 307s
ddpg_ln00_L2_utd1_pd1_s4 step 50000 ret -51.8 bias 124.83 q 118.5 mc -6.4 t 401s
ddpg_ln00_L2_utd1_pd1_s4 step 60000 ret -8.1 bias 141.96 q 146.8 mc 4.9 t 497s
ddpg_ln00_L2_utd1_pd1_s4 step 70000 ret -41.6 bias 142.78 q 137.6 mc -5.2 t 594s
ddpg_ln00_L2_utd1_pd1_s4 step 80000 ret 7.7 bias 137.51 q 141.1 mc 3.6 t 697s
ddpg_ln00_L2_utd1_pd1_s4 step 90000 ret -37.9 bias 130.33 q 126.3 mc -4.1 t 802s
ddpg_ln00_L2_utd1_pd1_s4 step 100000 ret -26.6 bias 123.59 q 123.4 mc -0.1 t 900s
ddpg_ln00_L2_utd1_pd1_s4 step 110000 ret -51.7 bias 127.69 q 125.7 mc -2.0 t 997s
ddpg_ln00_L2_utd1_pd1_s4 step 120000 ret -188.0 bias 165.04 q 135.6 mc -29.4 t 1095s
ddpg_ln00_L2_utd1_pd1_s4 step 130000 ret -151.3 bias 181.23 q 170.8 mc -10.4 t 1193s
ddpg_ln00_L2_utd1_pd1_s4 step 140000 ret -141.0 bias 165.02 q 141.0 mc -24.0 t 1291s
ddpg_ln00_L2_utd1_pd1_s4 step 150000 ret -73.3 bias 148.79 q 140.8 mc -7.9 t 1387s
ddpg_ln00_L2_utd1_pd1_s4 step 160000 ret -89.1 bias 148.67 q 143.2 mc -5.4 t 1483s
ddpg_ln00_L2_utd1_pd1_s4 step 170000 ret -59.7 bias 141.92 q 136.8 mc -5.1 t 1578s
ddpg_ln00_L2_utd1_pd1_s4 step 180000 ret -54.6 bias 113.82 q 116.6 mc 2.8 t 1675s
ddpg_ln00_L2_utd1_pd1_s4 step 190000 ret -12.7 bias 108.69 q 111.3 mc 2.6 t 1771s
ddpg_ln00_L2_utd1_pd1_s4 step 200000 ret -50.1 bias 111.31 q 109.5 mc -1.8 t 1867s
ddpg_ln00_L2_utd1_pd1_s4 step 210000 ret -199.5 bias 148.59 q 107.2 mc -41.4 t 1963s
ddpg_ln00_L2_utd1_pd1_s4 step 220000 ret -44.9 bias 101.99 q 96.7 mc -5.3 t 2058s
ddpg_ln00_L2_utd1_pd1_s4 step 230000 ret 0.6 bias 114.20 q 108.7 mc -5.5 t 2154s
ddpg_ln00_L2_utd1_pd1_s4 step 240000 ret -18.4 bias 95.89 q 90.0 mc -5.9 t 2252s
ddpg_ln00_L2_utd1_pd1_s4 step 250000 ret -26.8 bias 92.22 q 91.5 mc -0.7 t 2350s
ddpg_ln00_L2_utd1_pd1_s4 step 260000 ret -80.4 bias 111.77 q 93.0 mc -18.8 t 2449s
ddpg_ln00_L2_utd1_pd1_s4 step 270000 ret 25.1 bias 74.26 q 80.5 mc 6.2 t 2548s
ddpg_ln00_L2_utd1_pd1_s4 step 280000 ret -50.0 bias 84.06 q 82.2 mc -1.8 t 2647s
ddpg_ln00_L2_utd1_pd1_s4 step 290000 ret -63.3 bias 79.96 q 73.3 mc -6.6 t 2746s
ddpg_ln00_L2_utd1_pd1_s4 step 300000 ret -93.4 bias 96.71 q 77.4 mc -19.3 t 2845s
