td3_ln10_L2_utd1_pd2_s3 step 10000 ret -127.2 bias 76.06 q 0.4 mc -75.7 t 1s
td3_ln10_L2_utd1_pd2_s3 step 20000 ret -149.7 bias 39.49 q 4.6 mc -34.9 t 136s
td3_ln10_L2_utd1_pd2_s3 step 30000 ret -148.2 bias 26.23 q -12.2 mc -38.4 t 270s
td3_ln10_L2_utd1_pd2_s3 step 40000 ret -44.7 bias 15.73 q -5.2 mc -21.0 t 394s
td3_ln10_L2_utd1_pd2_s3 step 50000 ret 1.3 bias 23.77 q 15.2 mc -8.5 t 518s
td3_ln10_L2_utd1_pd2_s3 step 60000 ret -32.6 bias 11.53 q -5.3 mc -16.8 t 640s
td3_ln10_L2_utd1_pd2_s3 step 70000 ret 124.5 bias -16.24 q 18.6 mc 34.9 t 768s
td3_ln10_L2_utd1_pd2_s3 step 80000 ret 50.6 bias 4.30 q 15.5 mc 11.2 t 893s
td3_ln10_L2_utd1_pd2_s3 step 90000 ret 200.3 bias -30.83 q 27.9 mc 58.7 t 1016s
td3_ln10_L2_utd1_pd2_s3 step 100000 ret 62.4 bias 11.84 q 32.2 mc 20.3 t 1142s
td3_ln10_L2_utd1_pd2_s3 step 110000 ret 118.6 bias -1.95 q 20.2 mc 22.2 t 1268s
td3_ln10_L2_utd1_pd2_s3 step 120000 ret -25.5 bias 26.16 q 23.3 mc -2.8 t 1395s
td3_ln10_L2_utd1_pd2_s3 step 130000 ret 167.7 bias 11.15 q 31.9 mc 20.8 t 1522s
td3_ln10_L2_utd1_pd2_s3 step 140000 ret 174.8 bias -12.13 q 19.1 mc 31.3 t 1648s
td3_ln10_L2_utd1_pd2_s3 step 150000 ret 131.3 bias 5.30 q 27.7 mc 22.4 t 1774s
td3_ln10_L2_utd1_pd2_s3 step 160000 ret 35.4 bias 12.10 q 21.1 mc 9.0 t 1900s
td3_ln10_L2_utd1_pd2_s3 step 170000 ret 68.2 bias 4.33 q 23.9 mc 19.6 t 2025s
td3_ln10_L2_utd1_pd2_s3 step 180000 ret 31.3 bias 9.20 q 15.7 mc 6.5 t 2150s
td3_ln10_L2_utd1_pd2_s3 step 190000 ret 52.9 bias 6.74 q 18.1 mc 11.3 t 2276s
td3_ln10_L2_utd1_pd2_s3 step 200000 ret 182.2 bias -5.49 q 19.6 mc 25.1 t 2402s
td3_ln10_L2_utd1_pd2_s3 step 210000 ret 206.1 bias -2.86 q 22.5 mc 25.4 t 2528s
td3_ln10_L2_utd1_pd2_s3 step 220000 ret 272.1 bias -32.96 q 47.3 mc 80.3 t 2654s
td3_ln10_L2_utd1_pd2_s3 step 230000 ret 275.4 bias -39.48 q 55.6 mc 95.1 t 2780s
td3_ln10_L2_utd1_pd2_s3 step 240000 ret 266.6 bias -24.08 q 57.7 mc 81.8 t 2905s
td3_ln10_L2_utd1_pd2_s3 step 250000 ret 260.9 bias -24.76 q 61.5 mc 86.3 t 3032s
td3_ln10_L2_utd1_pd2_s3 step 260000 ret 273.5 bias -18.43 q 65.9 mc 84.4 t 3159s
td3_ln10_L2_utd1_pd2_s3 step 270000 ret 277.1 bias -17.00 q 69.7 mc 86.7 t 3287s
td3_ln10_L2_utd1_pd2_s3 step 280000 ret 179.0 bias 19.94 q 69.9 mc 50.0 t 3414s
td3_ln10_L2_utd1_pd2_s3 step 290000 ret 273.9 bias -21.84 q 78.0 mc 99.8 t 3542s
td3_ln10_L2_utd1_pd2_s3 step 300000 ret 262.9 bias -12.56 q 71.3 mc 83.9 t 3670s
