td3_ln00_L2_utd1_pd2_s3 step 10000 ret -127.2 bias 75.69 q 0.0 mc -75.7 t 0s
td3_ln00_L2_utd1_pd2_s3 step 20000 ret -130.0 bias 37.78 q -1.6 mc -39.3 t 93s
td3_ln00_L2_utd1_pd2_s3 step 30000 ret -74.0 bias 7.33 q -7.9 mc -15.3 t 200s
td3_ln00_L2_utd1_pd2_s3 step 40000 ret -118.8 bias 35.11 q 10.0 mc -25.1 t 308s
td3_ln00_L2_utd1_pd2_s3 step 50000 ret -54.3 bias 24.21 q 20.1 mc -4.1 t 415s
td3_ln00_L2_utd1_pd2_s3 step 60000 ret -16.2 bias 16.50 q 17.4 mc 0.9 t 523s
td3_ln00_L2_utd1_pd2_s3 step 70000 ret -43.4 bias 28.70 q 24.9 mc -3.8 t 632s
td3_ln00_L2_utd1_pd2_s3 step 80000 ret -52.9 bias 22.65 q 19.4 mc -3.3 t 744s
td3_ln00_L2_utd1_pd2_s3 step 90000 ret -38.8 bias 22.32 q 21.2 mc -1.2 t 857s
td3_ln00_L2_utd1_pd2_s3 step 100000 ret -204.5 bias 39.67 q 3.3 mc -36.4 t 968s
td3_ln00_L2_utd1_pd2_s3 step 110000 ret 2.6 bias -15.25 q -23.4 mc -8.1 t 1081s
td3_ln00_L2_utd1_pd2_s3 step 120000 ret -104.4 bias -5.31 q -30.3 mc -25.0 t 1194s
td3_ln00_L2_utd1_pd2_s3 step 130000 ret -46.6 bias -3.12 q -5.2 mc -2.1 t 1307s
td3_ln00_L2_utd1_pd2_s3 step 140000 ret -41.4 bias -1.43 q -5.3 mc -3.9 t 1421s
td3_ln00_L2_utd1_pd2_s3 step 150000 ret 42.0 bias -21.25 q -13.8 mc 7.4 t 1534s
td3_ln00_L2_utd1_pd2_s3 step 160000 ret -137.6 bias 14.29 q -18.6 mc -32.9 t 1647s
td3_ln00_L2_utd1_pd2_s3 step 170000 ret -108.9 bias 6.48 q -19.2 mc -25.7 t 1761s
td3_ln00_L2_utd1_pd2_s3 step 180000 ret -62.7 bias -4.40 q -15.4 mc -11.0 t 1874s
td3_ln00_L2_utd1_pd2_s3 step 190000 ret -50.6 bias -6.16 q -12.8 mc -6.7 t 1987s
td3_ln00_L2_utd1_pd2_s3 step 200000 ret -41.9 bias -0.17 q -3.3 mc -3.1 t 2101s
td3_ln00_L2_utd1_pd2_s3 step 210000 ret -6.1 bias -2.55 q -1.6 mc 0.9 t 2214s
td3_ln00_L2_utd1_pd2_s3 step 220000 ret -32.7 bias 0.09 q -1.2 mc -1.3 t 2328s
td3_ln00_L2_utd1_pd2_s3 step 230000 ret -26.0 bias 1.85 q 1.3 mc -0.5 t 2441s
td3_ln00_L2_utd1_pd2_s3 step 240000 ret -15.5 bias -3.08 q -1.2 mc 1.9 t 2554s
td3_ln00_L2_utd1_pd2_s3 step 250000 ret 59.5 bias -13.81 q -0.2 mc 13.6 t 2668s
td3_ln00_L2_utd1_pd2_s3 step 260000 ret 31.2 bias -11.15 q -4.7 mc 6.5 t 2782s
td3_ln00_L2_utd1_pd2_s3 step 270000 ret -4.4 bias -11.97 q -15.4 mc -3.4 t 2899s
td3_ln00_L2_utd1_pd2_s3 step 280000 ret -19.6 bias -14.01 q -14.1 mc -0.1 t 3015s
td3_ln00_L2_utd1_pd2_s3 step 290000 ret 58.5 bias -19.65 q -8.8 mc 10.9 t 3131s
td3_ln00_L2_utd1_pd2_s3 step 300000 ret 10.4 bias 0.36 q 3.7 mc 3.3 t 3249s
