td3_ln10_L2_utd1_pd2_s7 step 10000 ret -369.8 bias 145.05 q 0.7 mc -144.4 t 1s
td3_ln10_L2_utd1_pd2_s7 step 20000 ret -171.4 bias 26.32 q 2.2 mc -24.1 t 136s
td3_ln10_L2_utd1_pd2_s7 step 30000 ret -22.5 bias 10.31 q 10.8 mc 0.5 t 262s
td3_ln10_L2_utd1_pd2_s7 step 40000 ret -57.2 bias 2.21 q -5.9 mc -8.1 t 386s
td3_ln10_L2_utd1_pd2_s7 step 50000 ret -84.7 bias 13.51 q 2.0 mc -11.5 t 508s
td3_ln10_L2_utd1_pd2_s7 step 60000 ret -103.5 bias 27.10 q 3.7 mc -23.4 t 629s
td3_ln10_L2_utd1_pd2_s7 step 70000 ret -90.2 bias 20.32 q -7.1 mc -27.4 t 750s
td3_ln10_L2_utd1_pd2_s7 step 80000 ret -126.9 bias 21.51 q 0.3 mc -21.2 t 872s
td3_ln10_L2_utd1_pd2_s7 step 90000 ret -55.6 bias 8.39 q -6.2 mc -14.6 t 993s
td3_ln10_L2_utd1_pd2_s7 step 100000 ret 93.2 bias -18.48 q 3.9 mc 22.4 t 1118s
td3_ln10_L2_utd1_pd2_s7 step 110000 ret 24.3 bias 3.80 q 9.3 mc 5.5 t 1244s
td3_ln10_L2_utd1_pd2_s7 step 120000 ret 27.6 bias 14.96 q 25.2 mc 10.2 t 1369s
td3_ln10_L2_utd1_pd2_s7 step 130000 ret -100.4 bias 29.02 q 1.3 mc -27.7 t 1495s
td3_ln10_L2_utd1_pd2_s7 step 140000 ret -38.9 bias 10.76 q 9.2 mc -1.6 t 1621s
td3_ln10_L2_utd1_pd2_s7 step 150000 ret -19.0 bias 4.44 q 4.2 mc -0.2 t 1748s
td3_ln10_L2_utd1_pd2_s7 step 160000 ret -54.8 bias 15.28 q 9.2 mc -6.1 t 1874s
td3_ln10_L2_utd1_pd2_s7 step 170000 ret -17.1 bias 5.49 q 4.4 mc -1.1 t 1999s
td3_ln10_L2_utd1_pd2_s7 step 180000 ret 127.1 bias -13.21 q 6.7 mc 19.9 t 2123s
td3_ln10_L2_utd1_pd2_s7 step 190000 ret 91.7 bias 3.08 q 24.6 mc 21.5 t 2247s
td3_ln10_L2_utd1_pd2_s7 step 200000 ret 19.9 bias -2.35 q 2.5 mc 4.9 t 2372s
td3_ln10_L2_utd1_pd2_s7 step 210000 ret 66.0 bias -4.20 q 7.5 mc 11.7 t 2496s
td3_ln10_L2_utd1_pd2_s7 step 220000 ret -23.6 bias 16.30 q 5.4 mc -10.9 t 2622s
td3_ln10_L2_utd1_pd2_s7 step 230000 ret 230.6 bias -18.60 q 28.7 mc 47.3 t 2748s
td3_ln10_L2_utd1_pd2_s7 step 240000 ret 153.2 bias -12.42 q 23.1 mc 35.5 t 2868s
td3_ln10_L2_utd1_pd2_s7 step 250000 ret 94.7 bias 17.99 q 34.7 mc 16.7 t 2972s
td3_ln10_L2_utd1_pd2_s7 step 260000 ret 156.7 bias 0.82 q 42.5 mc 41.7 t 3055s
td3_ln10_L2_utd1_pd2_s7 step 270000 ret 164.0 bias -4.78 q 42.8 mc 47.6 t 3137s
td3_ln10_L2_utd1_pd2_s7 step 280000 ret 230.9 bias -26.76 q 52.3 mc 79.1 t 3213s
td3_ln10_L2_utd1_pd2_s7 step 290000 ret 270.5 bias -27.88 q 50.8 mc 78.7 t 3303s
td3_ln10_L2_utd1_pd2_s7 step 300000 ret 233.1 bias -24.66 q 46.9 mc 71.5 t 3397s
