td3_ln00_L2_utd1_pd2_s7 step 10000 ret -369.8 bias 144.50 q 0.1 mc -144.4 t 1s
td3_ln00_L2_utd1_pd2_s7 step 20000 ret -85.4 bias 23.98 q 7.2 mc -16.8 t 119s
td3_ln00_L2_utd1_pd2_s7 step 30000 ret -118.5 bias 25.04 q -1.9 mc -26.9 t 230s
td3_ln00_L2_utd1_pd2_s7 step 40000 ret -11.8 bias -1.35 q -7.0 mc -5.7 t 341s
td3_ln00_L2_utd1_pd2_s7 step 50000 ret 9.8 bias -7.54 q -4.4 mc 3.2 t 451s
td3_ln00_L2_utd1_pd2_s7 step 60000 ret -82.7 bias 4.78 q -10.2 mc -15.0 t 559s
td3_ln00_L2_utd1_pd2_s7 step 70000 ret 50.3 bias -24.76 q -20.7 mc 4.0 t 669s
td3_ln00_L2_utd1_pd2_s7 step 80000 ret 81.2 bias -39.09 q -30.8 mc 8.2 t 779s
td3_ln00_L2_utd1_pd2_s7 step 90000 ret 218.6 bias -61.28 q -14.0 mc 47.2 t 890s
td3_ln00_L2_utd1_pd2_s7 step 100000 ret 245.4 bias -64.31 q -7.8 mc 56.5 t 1001s
td3_ln00_L2_utd1_pd2_s7 step 110000 ret 237.0 bias -40.74 q 14.7 mc 55.4 t 1117s
td3_ln00_L2_utd1_pd2_s7 step 120000 ret 131.3 bias -2.94 q 19.7 mc 22.6 t 1240s
td3_ln00_L2_utd1_pd2_s7 step 130000 ret 98.5 bias -5.68 q 14.6 mc 20.3 t 1363s
td3_ln00_L2_utd1_pd2_s7 step 140000 ret 155.8 bias -14.60 q 21.1 mc 35.7 t 1486s
td3_ln00_L2_utd1_pd2_s7 step 150000 ret 192.0 bias -25.83 q 12.1 mc 37.9 t 1609s
td3_ln00_L2_utd1_pd2_s7 step 160000 ret 166.2 bias -8.77 q 25.4 mc 34.2 t 1732s
td3_ln00_L2_utd1_pd2_s7 step 170000 ret 234.7 bias -19.50 q 27.2 mc 46.7 t 1855s
td3_ln00_L2_utd1_pd2_s7 step 180000 ret 230.3 bias -18.39 q 39.9 mc 58.3 t 1978s
td3_ln00_L2_utd1_pd2_s7 step 190000 ret 80.3 bias 20.95 q 31.4 mc 10.5 t 2101s
td3_ln00_L2_utd1_pd2_s7 step 200000 ret 248.6 bias -16.16 q 37.8 mc 53.9 t 2225s
td3_ln00_L2_utd1_pd2_s7 step 210000 ret 175.8 bias -4.79 q 33.8 mc 38.6 t 2348s
td3_ln00_L2_utd1_pd2_s7 step 220000 ret 131.0 bias 3.09 q 31.8 mc 28.7 t 2473s
td3_ln00_L2_utd1_pd2_s7 step 230000 ret 207.7 bias -16.99 q 45.3 mc 62.3 t 2597s
td3_ln00_L2_utd1_pd2_s7 step 240000 ret 211.4 bias -5.44 q 40.7 mc 46.1 t 2723s
td3_ln00_L2_utd1_pd2_s7 step 250000 ret 196.2 bias -2.43 q 43.3 mc 45.7 t 2848s
td3_ln00_L2_utd1_pd2_s7 step 260000 ret 222.8 bias -4.23 q 51.5 mc 55.7 t 2970s
td3_ln00_L2_utd1_pd2_s7 step 270000 ret 219.3 bias -15.31 q 40.0 mc 55.3 t 3079s
td3_ln00_L2_utd1_pd2_s7 step 280000 ret 216.7 bias -16.49 q 47.4 mc 63.8 t 3182s
td3_ln00_L2_utd1_pd2_s7 step 290000 ret 232.3 bias -16.73 q 37.6 mc 54.3 t 3282s
td3_ln00_L2_utd1_pd2_s7 step 300000 ret 222.7 bias -27.44 q 48.1 mc 75.5 t 3372s
