td3_ln00_L2_utd1_pd2_s6 step 10000 ret -172.0 bias 89.57 q 0.1 mc -89.5 t 1s
td3_ln00_L2_utd1_pd2_s6 step 20000 ret 1.7 bias 8.92 q 1.0 mc -7.9 t 109s
td3_ln00_L2_utd1_pd2_s6 step 30000 ret -72.3 bias 38.91 q 1.0 mc -37.9 t 216s
td3_ln00_L2_utd1_pd2_s6 step 40000 ret -0.5 bias 3.31 q -2.0 mc -5.3 t 325s
td3_ln00_L2_utd1_pd2_s6 step 50000 ret -30.9 bias 23.89 q 7.7 mc -16.2 t 434s
td3_ln00_L2_utd1_pd2_s6 step 60000 ret 163.7 bias -20.96 q 3.7 mc 24.7 t 544s
td3_ln00_L2_utd1_pd2_s6 step 70000 ret -158.2 bias 37.83 q 3.1 mc -34.7 t 654s
td3_ln00_L2_utd1_pd2_s6 step 80000 ret -115.3 bias 23.77 q 13.8 mc -9.9 t 763s
td3_ln00_L2_utd1_pd2_s6 step 90000 ret -78.4 bias 9.09 q -2.9 mc -12.0 t 872s
td3_ln00_L2_utd1_pd2_s6 step 100000 ret -21.5 bias 10.68 q 8.4 mc -2.3 t 981s
td3_ln00_L2_utd1_pd2_s6 step 110000 ret 108.0 bias -14.64 q 1.7 mc 16.4 t 1090s
td3_ln00_L2_utd1_pd2_s6 step 120000 ret 63.9 bias -8.53 q 1.4 mc 9.9 t 1200s
td3_ln00_L2_utd1_pd2_s6 step 130000 ret 200.6 bias -28.81 q 0.2 mc 29.0 t 1310s
td3_ln00_L2_utd1_pd2_s6 step 140000 ret 226.0 bias -28.36 q 10.1 mc 38.5 t 1421s
td3_ln00_L2_utd1_pd2_s6 step 150000 ret 226.2 bias -29.33 q 12.0 mc 41.3 t 1533s
td3_ln00_L2_utd1_pd2_s6 step 160000 ret 239.8 bias -28.79 q 15.7 mc 44.5 t 1644s
td3_ln00_L2_utd1_pd2_s6 step 170000 ret 240.7 bias -37.35 q 26.0 mc 63.3 t 1755s
td3_ln00_L2_utd1_pd2_s6 step 180000 ret 220.1 bias -30.35 q 32.3 mc 62.7 t 1866s
td3_ln00_L2_utd1_pd2_s6 step 190000 ret 251.6 bias -36.79 q 41.5 mc 78.3 t 1977s
td3_ln00_L2_utd1_pd2_s6 step 200000 ret 221.1 bias -12.38 q 36.3 mc 48.7 t 2089s
td3_ln00_L2_utd1_pd2_s6 step 210000 ret 232.0 bias -7.21 q 35.3 mc 42.6 t 2199s
td3_ln00_L2_utd1_pd2_s6 step 220000 ret 253.2 bias -19.98 q 38.4 mc 58.4 t 2309s
td3_ln00_L2_utd1_pd2_s6 step 230000 ret 234.3 bias -22.70 q 35.2 mc 57.9 t 2419s
td3_ln00_L2_utd1_pd2_s6 step 240000 ret 185.6 bias -2.43 q 40.0 mc 42.5 t 2530s
td3_ln00_L2_utd1_pd2_s6 step 250000 ret 235.5 bias -27.49 q 39.2 mc 66.7 t 2640s
td3_ln00_L2_utd1_pd2_s6 step 260000 ret 229.0 bias -15.45 q 43.2 mc 58.6 t 2750s
td3_ln00_L2_utd1_pd2_s6 step 270000 ret 208.1 bias -12.41 q 36.2 mc 48.6 t 2860s
td3_ln00_L2_utd1_pd2_s6 step 280000 ret 242.9 bias -3.88 q 45.8 mc 49.7 t 2972s
td3_ln00_L2_utd1_pd2_s6 step 290000 ret 244.2 bias 5.01 q 54.3 mc 49.3 t 3083s
td3_ln00_L2_utd1_pd2_s6 step 300000 ret 254.2 bias -7.79 q 46.7 mc 54.5 t 3187s
