td3_ln00_L2_utd1_pd2_s5 step 10000 ret -200.8 bias 112.74 q 0.0 mc -112.7 t 1s
td3_ln00_L2_utd1_pd2_s5 step 20000 ret -144.7 bias 22.03 q -3.0 mc -25.0 t 122s
td3_ln00_L2_utd1_pd2_s5 step 30000 ret -233.0 bias 50.77 q -6.6 mc -57.4 t 244s
td3_ln00_L2_utd1_pd2_s5 step 40000 ret -46.6 bias 5.55 q -2.4 mc -8.0 t 368s
td3_ln00_L2_utd1_pd2_s5 step 50000 ret -170.9 bias 39.87 q 7.5 mc -32.4 t 490s
td3_ln00_L2_utd1_pd2_s5 step 60000 ret -63.1 bias 27.97 q 22.8 mc -5.2 t 613s
td3_ln00_L2_utd1_pd2_s5 step 70000 ret -68.6 bias 22.53 q 14.3 mc -8.2 t 736s
td3_ln00_L2_utd1_pd2_s5 step 80000 ret -135.7 bias 36.41 q 14.6 mc -21.8 t 856s
td3_ln00_L2_utd1_pd2_s5 step 90000 ret -141.8 bias 31.59 q 5.6 mc -26.0 t 971s
td3_ln00_L2_utd1_pd2_s5 step 100000 ret 23.8 bias 9.94 q 11.3 mc 1.4 t 1084s
td3_ln00_L2_utd1_pd2_s5 step 110000 ret -32.8 bias 18.75 q 17.1 mc -1.6 t 1199s
td3_ln00_L2_utd1_pd2_s5 step 120000 ret -46.8 bias 13.26 q 11.2 mc -2.1 t 1313s
td3_ln00_L2_utd1_pd2_s5 step 130000 ret -29.7 bias 6.20 q 4.6 mc -1.6 t 1427s
td3_ln00_L2_utd1_pd2_s5 step 140000 ret -27.9 bias 16.47 q 17.7 mc 1.2 t 1544s
td3_ln00_L2_utd1_pd2_s5 step 150000 ret 87.7 bias 15.51 q 31.0 mc 15.5 t 1667s
td3_ln00_L2_utd1_pd2_s5 step 160000 ret 49.0 bias 9.96 q 22.6 mc 12.7 t 1791s
td3_ln00_L2_utd1_pd2_s5 step 170000 ret 112.7 bias -0.86 q 16.4 mc 17.3 t 1914s
td3_ln00_L2_utd1_pd2_s5 step 180000 ret 163.6 bias -14.08 q 17.5 mc 31.6 t 2037s
td3_ln00_L2_utd1_pd2_s5 step 190000 ret 255.2 bias -20.16 q 32.2 mc 52.3 t 2160s
td3_ln00_L2_utd1_pd2_s5 step 200000 ret 216.6 bias -7.06 q 35.8 mc 42.9 t 2282s
td3_ln00_L2_utd1_pd2_s5 step 210000 ret 196.5 bias -12.18 q 31.9 mc 44.1 t 2403s
td3_ln00_L2_utd1_pd2_s5 step 220000 ret 218.3 bias -21.78 q 45.4 mc 67.2 t 2525s
td3_ln00_L2_utd1_pd2_s5 step 230000 ret 222.5 bias -21.02 q 28.4 mc 49.4 t 2647s
td3_ln00_L2_utd1_pd2_s5 step 240000 ret 193.5 bias -14.08 q 35.9 mc 50.0 t 2770s
td3_ln00_L2_utd1_pd2_s5 step 250000 ret 209.2 bias -19.97 q 39.4 mc 59.4 t 2893s
td3_ln00_L2_utd1_pd2_s5 step 260000 ret 257.8 bias -20.46 q 48.0 mc 68.5 t 3017s
td3_ln00_L2_utd1_pd2_s5 step 270000 ret 273.2 bias -24.23 q 53.2 mc 77.4 t 3142s
td3_ln00_L2_utd1_pd2_s5 step 280000 ret 248.5 bias -23.04 q 53.5 mc 76.5 t 3266s
td3_ln00_L2_utd1_pd2_s5 step 290000 ret 246.9 bias -21.24 q 48.6 mc 69.9 t 3384s
td3_ln00_L2_utd1_pd2_s5 step 300000 ret 197.3 bias -1.37 q 37.7 mc 39.0 t 3486s
