td3_ln10_L2_utd1_pd2_s2 step 10000 ret -137.4 bias 79.80 q 0.2 mc -79.6 t 0s
td3_ln10_L2_utd1_pd2_s2 step 20000 ret -75.2 bias 5.97 q -5.8 mc -11.7 t 107s
td3_ln10_L2_utd1_pd2_s2 step 30000 ret 76.2 bias -45.92 q -37.1 mc 8.9 t 228s
td3_ln10_L2_utd1_pd2_s2 step 40000 ret -68.7 bias 38.61 q -3.3 mc -42.0 t 351s
td3_ln10_L2_utd1_pd2_s2 step 50000 ret -36.5 bias 32.96 q 4.7 mc -28.3 t 472s
td3_ln10_L2_utd1_pd2_s2 step 60000 ret 10.9 bias -5.52 q -6.9 mc -1.4 t 593s
td3_ln10_L2_utd1_pd2_s2 step 70000 ret -83.6 bias 4.49 q -10.1 mc -14.6 t 717s
td3_ln10_L2_utd1_pd2_s2 step 80000 ret -68.0 bias 8.85 q 1.2 mc -7.6 t 842s
td3_ln10_L2_utd1_pd2_s2 step 90000 ret -55.8 bias 12.23 q 6.8 mc -5.4 t 966s
td3_ln10_L2_utd1_pd2_s2 step 100000 ret -31.4 bias 5.89 q 4.1 mc -1.8 t 1092s
td3_ln10_L2_utd1_pd2_s2 step 110000 ret 96.0 bias 6.31 q 14.7 mc 8.3 t 1218s
td3_ln10_L2_utd1_pd2_s2 step 120000 ret 14.2 bias 12.40 q 9.6 mc -2.8 t 1343s
td3_ln10_L2_utd1_pd2_s2 step 130000 ret 21.3 bias 14.00 q 15.0 mc 1.0 t 1469s
td3_ln10_L2_utd1_pd2_s2 step 140000 ret 1.7 bias 14.28 q 12.7 mc -1.6 t 1595s
td3_ln10_L2_utd1_pd2_s2 step 150000 ret 2.1 bias 9.26 q 10.6 mc 1.3 t 1722s
td3_ln10_L2_utd1_pd2_s2 step 160000 ret -52.5 bias 6.15 q -5.9 mc -12.0 t 1848s
td3_ln10_L2_utd1_pd2_s2 step 170000 ret 141.0 bias -5.03 q 14.2 mc 19.3 t 1974s
td3_ln10_L2_utd1_pd2_s2 step 180000 ret 8.0 bias -1.07 q 2.9 mc 4.0 t 2099s
td3_ln10_L2_utd1_pd2_s2 step 190000 ret 117.5 bias -8.15 q 10.3 mc 18.5 t 2225s
td3_ln10_L2_utd1_pd2_s2 step 200000 ret -30.0 bias 1.42 q 0.3 mc -1.1 t 2351s
td3_ln10_L2_utd1_pd2_s2 step 210000 ret 129.9 bias -12.00 q 10.1 mc 22.1 t 2476s
td3_ln10_L2_utd1_pd2_s2 step 220000 ret 203.4 bias -17.92 q 15.2 mc 33.1 t 2602s
td3_ln10_L2_utd1_pd2_s2 step 230000 ret 244.2 bias -28.36 q 42.7 mc 71.1 t 2727s
td3_ln10_L2_utd1_pd2_s2 step 240000 ret 187.7 bias -9.04 q 35.0 mc 44.1 t 2854s
td3_ln10_L2_utd1_pd2_s2 step 250000 ret 229.4 bias -17.47 q 43.7 mc 61.1 t 2980s
td3_ln10_L2_utd1_pd2_s2 step 260000 ret 265.9 bias -19.25 q 55.8 mc 75.1 t 3106s
td3_ln10_L2_utd1_pd2_s2 step 270000 ret 229.6 bias -5.00 q 43.7 mc 48.7 t 3232s
td3_ln10_L2_utd1_pd2_s2 step 280000 ret 250.1 bias -25.15 q 42.6 mc 67.7 t 3359s
td3_ln10_L2_utd1_pd2_s2 step 290000 ret 211.3 bias -7.91 q 37.1 mc 45.0 t 3485s
td3_ln10_L2_utd1_pd2_s2 step 300000 ret 238.9 bias -2.30 q 54.5 mc 56.8 t 3612s
