td3_ln00_L2_utd1_pd2_s8 step 10000 ret -135.3 bias 82.05 q -0.1 mc -82.1 t 1s
td3_ln00_L2_utd1_pd2_s8 step 20000 ret -85.6 bias 22.88 q -5.6 mc -28.5 t 120s
td3_ln00_L2_utd1_pd2_s8 step 30000 ret -64.1 bias 31.71 q -4.0 mc -35.7 t 227s
td3_ln00_L2_utd1_pd2_s8 step 40000 ret -19.6 bias -2.48 q -19.8 mc -17.3 t 334s
td3_ln00_L2_utd1_pd2_s8 step 50000 ret 111.2 bias -60.67 q -42.9 mc 17.7 t 440s
td3_ln00_L2_utd1_pd2_s8 step 60000 ret -49.1 bias -19.08 q -23.9 mc -4.8 t 547s
td3_ln00_L2_utd1_pd2_s8 step 70000 ret -4.4 bias -17.51 q -16.3 mc 1.2 t 654s
td3_ln00_L2_utd1_pd2_s8 step 80000 ret -53.3 bias 4.56 q -10.9 mc -15.5 t 763s
td3_ln00_L2_utd1_pd2_s8 step 90000 ret -5.2 bias -9.41 q -9.3 mc 0.1 t 874s
td3_ln00_L2_utd1_pd2_s8 step 100000 ret 9.3 bias -5.62 q -9.2 mc -3.6 t 985s
td3_ln00_L2_utd1_pd2_s8 step 110000 ret -3.2 bias -4.15 q -8.0 mc -3.8 t 1096s
td3_ln00_L2_utd1_pd2_s8 step 120000 ret 89.9 bias -17.00 q -2.2 mc 14.8 t 1207s
td3_ln00_L2_utd1_pd2_s8 step 130000 ret 85.7 bias -20.62 q -3.9 mc 16.7 t 1319s
td3_ln00_L2_utd1_pd2_s8 step 140000 ret 83.2 bias -23.84 q -3.3 mc 20.6 t 1428s
td3_ln00_L2_utd1_pd2_s8 step 150000 ret -15.5 bias -12.37 q -11.4 mc 1.0 t 1540s
td3_ln00_L2_utd1_pd2_s8 step 160000 ret -1.5 bias -9.64 q -6.6 mc 3.0 t 1650s
td3_ln00_L2_utd1_pd2_s8 step 170000 ret 11.0 bias -13.61 q -9.4 mc 4.2 t 1760s
td3_ln00_L2_utd1_pd2_s8 step 180000 ret 147.4 bias -19.61 q -6.7 mc 12.9 t 1869s
td3_ln00_L2_utd1_pd2_s8 step 190000 ret 176.2 bias -22.89 q -4.0 mc 18.9 t 1978s
td3_ln00_L2_utd1_pd2_s8 step 200000 ret 32.8 bias -12.32 q -6.8 mc 5.6 t 2087s
td3_ln00_L2_utd1_pd2_s8 step 210000 ret 3.5 bias -12.99 q -11.5 mc 1.5 t 2197s
td3_ln00_L2_utd1_pd2_s8 step 220000 ret 19.7 bias -14.26 q -11.8 mc 2.4 t 2308s
td3_ln00_L2_utd1_pd2_s8 step 230000 ret 92.5 bias -15.64 q -4.9 mc 10.7 t 2419s
td3_ln00_L2_utd1_pd2_s8 step 240000 ret 105.0 bias -17.25 q -4.1 mc 13.1 t 2531s
td3_ln00_L2_utd1_pd2_s8 step 250000 ret 31.0 bias -9.12 q -7.0 mc 2.1 t 2638s
td3_ln00_L2_utd1_pd2_s8 step 260000 ret -1.2 bias -6.64 q -3.8 mc 2.9 t 2736s
td3_ln00_L2_utd1_pd2_s8 step 270000 ret -7.5 bias -5.92 q -4.4 mc 1.5 t 2810s
td3_ln00_L2_utd1_pd2_s8 step 280000 ret 31.8 bias -6.74 q -2.1 mc 4.6 t 2883s
td3_ln00_L2_utd1_pd2_s8 step 290000 ret 144.3 bias -19.82 q 1.4 mc 21.3 t 2955s
td3_ln00_L2_utd1_pd2_s8 step 300000 ret 137.9 bias -20.64 q -0.1 mc 20.6 t 3019s
