td3_ln10_L2_utd1_pd2_s4 step 10000 ret -219.9 bias 104.47 q -0.3 mc -104.8 t 1s
td3_ln10_L2_utd1_pd2_s4 step 20000 ret -132.5 bias 18.08 q -2.2 mc -20.3 t 128s
td3_ln10_L2_utd1_pd2_s4 step 30000 ret -45.6 bias -14.63 q -28.8 mc -14.2 t 252s
td3_ln10_L2_utd1_pd2_s4 step 40000 ret -101.8 bias -11.38 q -25.3 mc -13.9 t 376s
td3_ln10_L2_utd1_pd2_s4 step 50000 ret -124.0 bias 17.82 q -9.2 mc -27.0 t 501s
td3_ln10_L2_utd1_pd2_s4 step 60000 ret -31.6 bias -2.69 q -2.0 mc 0.7 t 625s
td3_ln10_L2_utd1_pd2_s4 step 70000 ret -143.4 bias 28.94 q 1.6 mc -27.4 t 751s
td3_ln10_L2_utd1_pd2_s4 step 80000 ret -80.1 bias 22.56 q 12.1 mc -10.5 t 876s
td3_ln10_L2_utd1_pd2_s4 step 90000 ret -238.7 bias 46.15 q 7.4 mc -38.7 t 1001s
td3_ln10_L2_utd1_pd2_s4 step 100000 ret -77.8 bias 12.83 q 4.6 mc -8.2 t 1123s
td3_ln10_L2_utd1_pd2_s4 step 110000 ret -52.4 bias 5.14 q 1.0 mc -4.2 t 1245s
td3_ln10_L2_utd1_pd2_s4 step 120000 ret -41.0 bias 2.77 q -1.0 mc -3.7 t 1367s
td3_ln10_L2_utd1_pd2_s4 step 130000 ret -33.3 bias 3.71 q 0.7 mc -3.0 t 1489s
td3_ln10_L2_utd1_pd2_s4 step 140000 ret -44.6 bias 12.70 q 6.6 mc -6.1 t 1612s
td3_ln10_L2_utd1_pd2_s4 step 150000 ret 181.2 bias -47.71 q 7.1 mc 54.8 t 1737s
td3_ln10_L2_utd1_pd2_s4 step 160000 ret 139.0 bias -21.56 q 4.7 mc 26.3 t 1864s
td3_ln10_L2_utd1_pd2_s4 step 170000 ret 102.7 bias -16.91 q 7.4 mc 24.3 t 1991s
td3_ln10_L2_utd1_pd2_s4 step 180000 ret 185.5 bias -13.25 q 20.9 mc 34.2 t 2117s
td3_ln10_L2_utd1_pd2_s4 step 190000 ret 210.5 bias -21.65 q 29.4 mc 51.0 t 2244s
td3_ln10_L2_utd1_pd2_s4 step 200000 ret 195.8 bias -18.57 q 34.4 mc 52.9 t 2370s
td3_ln10_L2_utd1_pd2_s4 step 210000 ret 250.2 bias -10.07 q 45.7 mc 55.8 t 2496s
td3_ln10_L2_utd1_pd2_s4 step 220000 ret 221.8 bias -5.14 q 48.5 mc 53.6 t 2621s
td3_ln10_L2_utd1_pd2_s4 step 230000 ret 264.0 bias -21.44 q 52.3 mc 73.7 t 2744s
td3_ln10_L2_utd1_pd2_s4 step 240000 ret 255.6 bias -18.37 q 58.4 mc 76.7 t 2868s
td3_ln10_L2_utd1_pd2_s4 step 250000 ret 242.9 bias -19.99 q 41.4 mc 61.4 t 2992s
td3_ln10_L2_utd1_pd2_s4 step 260000 ret 200.9 bias 7.28 q 53.0 mc 45.7 t 3116s
td3_ln10_L2_utd1_pd2_s4 step 270000 ret 232.7 bias -14.21 q 53.2 mc 67.4 t 3241s
td3_ln10_L2_utd1_pd2_s4 step 280000 ret 254.3 bias -13.14 q 53.1 mc 66.2 t 3367s
td3_ln10_L2_utd1_pd2_s4 step 290000 ret 228.4 bias -1.56 q 58.6 mc 60.2 t 3491s
td3_ln10_L2_utd1_pd2_s4 step 300000 ret 242.7 bias 6.89 q 66.5 mc 59.6 t 3603s
