td3_ln10_L2_utd1_pd2_s9 step 10000 ret -293.0 bias 138.17 q 0.1 mc -138.1 t 1s
td3_ln10_L2_utd1_pd2_s9 step 20000 ret -151.8 bias 62.90 q 9.0 mc -53.9 t 118s
td3_ln10_L2_utd1_pd2_s9 step 30000 ret -117.9 bias 29.90 q 5.0 mc -24.9 t 229s
td3_ln10_L2_utd1_pd2_s9 step 40000 ret -135.0 bias 39.98 q -5.0 mc -45.0 t 341s
td3_ln10_L2_utd1_pd2_s9 step 50000 ret -124.7 bias 16.57 q -16.9 mc -33.5 t 446s
td3_ln10_L2_utd1_pd2_s9 step 60000 ret -123.3 bias 27.86 q 10.0 mc -17.9 t 542s
td3_ln10_L2_utd1_pd2_s9 step 70000 ret -74.9 bias 19.59 q 8.8 mc -10.8 t 632s
td3_ln10_L2_utd1_pd2_s9 step 80000 ret -36.4 bias 13.03 q 4.7 mc -8.4 t 719s
td3_ln10_L2_utd1_pd2_s9 step 90000 ret -66.9 bias 17.96 q 12.3 mc -5.7 t 801s
td3_ln10_L2_utd1_pd2_s9 step 100000 ret -50.8 bias 14.94 q 12.3 mc -2.6 t 882s
td3_ln10_L2_utd1_pd2_s9 step 110000 ret -34.2 bias 8.55 q 6.7 mc -1.8 t 961s
td3_ln10_L2_utd1_pd2_s9 step 120000 ret -36.7 bias 7.34 q 4.7 mc -2.6 t 1040s
td3_ln10_L2_utd1_pd2_s9 step 130000 ret -42.2 bias 5.35 q 2.3 mc -3.0 t 1120s
td3_ln10_L2_utd1_pd2_s9 step 140000 ret -21.3 bias -0.98 q -0.1 mc 0.9 t 1200s
td3_ln10_L2_utd1_pd2_s9 step 150000 ret -26.3 bias 0.06 q -0.9 mc -0.9 t 1281s
td3_ln10_L2_utd1_pd2_s9 step 160000 ret -23.1 bias -0.01 q 0.1 mc 0.1 t 1361s
td3_ln10_L2_utd1_pd2_s9 step 170000 ret -36.6 bias 0.46 q -2.8 mc -3.3 t 1441s
td3_ln10_L2_utd1_pd2_s9 step 180000 ret -6.5 bias -2.61 q -1.3 mc 1.3 t 1519s
td3_ln10_L2_utd1_pd2_s9 step 190000 ret -12.5 bias -4.32 q -1.7 mc 2.6 t 1597s
td3_ln10_L2_utd1_pd2_s9 step 200000 ret -3.5 bias -3.29 q -1.5 mc 1.8 t 1673s
td3_ln10_L2_utd1_pd2_s9 step 210000 ret -8.3 bias -4.55 q -2.8 mc 1.8 t 1745s
td3_ln10_L2_utd1_pd2_s9 step 220000 ret -25.0 bias -3.90 q -4.7 mc -0.8 t 1808s
td3_ln10_L2_utd1_pd2_s9 step 230000 ret -3.6 bias -2.67 q -1.5 mc 1.2 t 1860s
td3_ln10_L2_utd1_pd2_s9 step 240000 ret -11.0 bias -4.22 q -2.1 mc 2.1 t 1911s
td3_ln10_L2_utd1_pd2_s9 step 250000 ret -13.7 bias -1.61 q -0.6 mc 1.0 t 1962s
td3_ln10_L2_utd1_pd2_s9 step 260000 ret -24.6 bias -4.35 q -5.2 mc -0.9 t 2014s
td3_ln10_L2_utd1_pd2_s9 step 270000 ret -17.8 bias -5.26 q -4.3 mc 0.9 t 2065s
td3_ln10_L2_utd1_pd2_s9 step 280000 ret -22.4 bias -7.69 q -6.4 mc 1.3 t 2117s
td3_ln10_L2_utd1_pd2_s9 step 290000 ret 4.4 bias -8.51 q -5.5 mc 3.0 t 2168s
td3_ln10_L2_utd1_pd2_s9 step 300000 ret -10.6 bias -7.87 q -6.6 mc 1.2 t 2219s
