td3_ln10_L2_utd1_pd2_s1 step 10000 ret -147.6 bias 86.25 q 0.1 mc -86.1 t 1s
td3_ln10_L2_utd1_pd2_s1 step 20000 ret -187.5 bias 79.82 q 11.6 mc -68.2 t 136s
td3_ln10_L2_utd1_pd2_s1 step 30000 ret -34.9 bias 39.03 q 13.4 mc -25.6 t 267s
td3_ln10_L2_utd1_pd2_s1 step 40000 ret -36.3 bias 11.73 q -7.0 mc -18.8 t 390s
td3_ln10_L2_utd1_pd2_s1 step 50000 ret 5.7 bias -10.33 q -17.5 mc -7.2 t 514s
td3_ln10_L2_utd1_pd2_s1 step 60000 ret 17.2 bias -8.86 q -11.8 mc -2.9 t 636s
td3_ln10_L2_utd1_pd2_s1 step 70000 ret 72.1 bias -1.34 q 7.8 mc 9.1 t 769s
td3_ln10_L2_utd1_pd2_s1 step 80000 ret 133.2 bias -12.22 q 10.4 mc 22.7 t 903s
td3_ln10_L2_utd1_pd2_s1 step 90000 ret 176.4 bias -10.16 q 20.6 mc 30.8 t 1034s
td3_ln10_L2_utd1_pd2_s1 step 100000 ret 181.5 bias -13.17 q 23.6 mc 36.7 t 1168s
td3_ln10_L2_utd1_pd2_s1 step 110000 ret 23.9 bias 11.32 q 8.2 mc -3.1 t 1302s
td3_ln10_L2_utd1_pd2_s1 step 120000 ret 159.6 bias -6.39 q 31.4 mc 37.8 t 1436s
td3_ln10_L2_utd1_pd2_s1 step 130000 ret 77.2 bias -1.42 q 7.6 mc 9.0 t 1569s
td3_ln10_L2_utd1_pd2_s1 step 140000 ret 18.4 bias 21.84 q 19.8 mc -2.0 t 1702s
td3_ln10_L2_utd1_pd2_s1 step 150000 ret 173.5 bias -2.53 q 40.6 mc 43.1 t 1836s
td3_ln10_L2_utd1_pd2_s1 step 160000 ret 239.2 bias -8.91 q 38.6 mc 47.5 t 1970s
td3_ln10_L2_utd1_pd2_s1 step 170000 ret 185.7 bias -7.12 q 36.7 mc 43.8 t 2104s
td3_ln10_L2_utd1_pd2_s1 step 180000 ret 141.3 bias -0.80 q 27.3 mc 28.1 t 2237s
td3_ln10_L2_utd1_pd2_s1 step 190000 ret 248.0 bias -22.06 q 37.2 mc 59.3 t 2372s
td3_ln10_L2_utd1_pd2_s1 step 200000 ret 255.7 bias -24.66 q 42.3 mc 66.9 t 2507s
td3_ln10_L2_utd1_pd2_s1 step 210000 ret 254.2 bias -21.28 q 37.4 mc 58.7 t 2643s
td3_ln10_L2_utd1_pd2_s1 step 220000 ret 243.2 bias -28.27 q 31.9 mc 60.2 t 2776s
td3_ln10_L2_utd1_pd2_s1 step 230000 ret 233.2 bias -28.55 q 28.4 mc 56.9 t 2911s
td3_ln10_L2_utd1_pd2_s1 step 240000 ret 257.1 bias -19.90 q 42.8 mc 62.7 t 3046s
td3_ln10_L2_utd1_pd2_s1 step 250000 ret 254.4 bias -13.42 q 41.3 mc 54.7 t 3182s
td3_ln10_L2_utd1_pd2_s1 step 260000 ret 220.3 bias -21.36 q 36.3 mc 57.6 t 3319s
td3_ln10_L2_utd1_pd2_s1 step 270000 ret 182.8 bias -3.01 q 26.1 mc 29.1 t 3455s
td3_ln10_L2_utd1_pd2_s1 step 280000 ret 142.8 bias -9.21 q 16.0 mc 25.3 t 3591s
td3_ln10_L2_utd1_pd2_s1 step 290000 ret 158.6 bias -15.11 q 21.8 mc 36.9 t 3725s
td3_ln10_L2_utd1_pd2_s1 step 300000 ret 95.2 bias 10.98 q 23.5 mc 12.6 t 3857s
