td3_ln00_L2_utd1_pd2_s4 step 10000 ret -219.9 bias 104.75 q -0.0 mc -104.8 t 1s
td3_ln00_L2_utd1_pd2_s4 step 20000 ret -151.0 bias 40.83 q -1.9 mc -42.7 t 119s
td3_ln00_L2_utd1_pd2_s4 step 30000 ret -6.8 bias -11.58 q -16.2 mc -4.6 t 239s
td3_ln00_L2_utd1_pd2_s4 step 40000 ret -45.2 bias -7.99 q -22.3 mc -14.3 t 362s
td3_ln00_L2_utd1_pd2_s4 step 50000 ret 130.1 bias -21.70 q -7.0 mc 14.7 t 484s
td3_ln00_L2_utd1_pd2_s4 step 60000 ret -20.0 bias 5.94 q 6.6 mc 0.7 t 607s
td3_ln00_L2_utd1_pd2_s4 step 70000 ret 93.2 bias -3.93 q 7.0 mc 10.9 t 729s
td3_ln00_L2_utd1_pd2_s4 step 80000 ret 134.8 bias -8.94 q 7.6 mc 16.5 t 852s
td3_ln00_L2_utd1_pd2_s4 step 90000 ret 1.5 bias 1.45 q 6.5 mc 5.0 t 974s
td3_ln00_L2_utd1_pd2_s4 step 100000 ret 98.1 bias -5.29 q 9.6 mc 14.9 t 1096s
td3_ln00_L2_utd1_pd2_s4 step 110000 ret 104.2 bias -9.59 q 4.8 mc 14.4 t 1211s
td3_ln00_L2_utd1_pd2_s4 step 120000 ret 101.6 bias -15.55 q 1.0 mc 16.5 t 1325s
td3_ln00_L2_utd1_pd2_s4 step 130000 ret 41.5 bias -3.56 q 3.8 mc 7.4 t 1440s
td3_ln00_L2_utd1_pd2_s4 step 140000 ret 43.7 bias -3.11 q 6.8 mc 9.9 t 1555s
td3_ln00_L2_utd1_pd2_s4 step 150000 ret 60.8 bias -8.69 q 0.1 mc 8.8 t 1670s
td3_ln00_L2_utd1_pd2_s4 step 160000 ret 62.7 bias -8.00 q 4.1 mc 12.1 t 1789s
td3_ln00_L2_utd1_pd2_s4 step 170000 ret -10.6 bias -4.86 q -1.9 mc 3.0 t 1913s
td3_ln00_L2_utd1_pd2_s4 step 180000 ret 51.0 bias -12.66 q -3.9 mc 8.8 t 2037s
td3_ln00_L2_utd1_pd2_s4 step 190000 ret 118.7 bias -16.55 q 2.2 mc 18.7 t 2161s
td3_ln00_L2_utd1_pd2_s4 step 200000 ret 163.3 bias -23.20 q 1.9 mc 25.1 t 2284s
td3_ln00_L2_utd1_pd2_s4 step 210000 ret 182.3 bias -20.15 q 8.8 mc 28.9 t 2408s
td3_ln00_L2_utd1_pd2_s4 step 220000 ret 131.7 bias -5.31 q 13.1 mc 18.4 t 2532s
td3_ln00_L2_utd1_pd2_s4 step 230000 ret 96.1 bias -3.11 q 11.2 mc 14.3 t 2655s
td3_ln00_L2_utd1_pd2_s4 step 240000 ret 146.2 bias -12.63 q 12.6 mc 25.2 t 2780s
td3_ln00_L2_utd1_pd2_s4 step 250000 ret -5.8 bias -0.55 q 2.0 mc 2.5 t 2904s
td3_ln00_L2_utd1_pd2_s4 step 260000 ret 130.4 bias -17.51 q 3.8 mc 21.3 t 3029s
td3_ln00_L2_utd1_pd2_s4 step 270000 ret -10.2 bias -4.33 q -2.4 mc 1.9 t 3154s
td3_ln00_L2_utd1_pd2_s4 step 280000 ret 128.3 bias -18.61 q 2.3 mc 20.9 t 3279s
td3_ln00_L2_utd1_pd2_s4 step 290000 ret 179.0 bias -26.64 q 10.2 mc 36.8 t 3405s
td3_ln00_L2_utd1_pd2_s4 step 300000 ret 208.2 bias -30.73 q 9.8 mc 40.6 t 3531s
