td3_ln00_L2_utd1_pd2_s9 step 10000 ret -293.0 bias 138.10 q -0.0 mc -138.1 t 1s
td3_ln00_L2_utd1_pd2_s9 step 20000 ret -91.2 bias 32.75 q 4.8 mc -27.9 t 106s
td3_ln00_L2_utd1_pd2_s9 step 30000 ret -181.8 bias 20.48 q -13.6 mc -34.1 t 203s
td3_ln00_L2_utd1_pd2_s9 step 40000 ret -128.4 bias 16.43 q -15.1 mc -31.5 t 279s
td3_ln00_L2_utd1_pd2_s9 step 50000 ret -90.0 bias -12.86 q -34.0 mc -21.1 t 351s
td3_ln00_L2_utd1_pd2_s9 step 60000 ret -66.3 bias -18.79 q -28.9 mc -10.1 t 423s
td3_ln00_L2_utd1_pd2_s9 step 70000 ret -7.8 bias -16.12 q -15.1 mc 1.0 t 489s
td3_ln00_L2_utd1_pd2_s9 step 80000 ret -17.7 bias -16.38 q -18.0 mc -1.6 t 551s
td3_ln00_L2_utd1_pd2_s9 step 90000 ret -54.9 bias -5.06 q -13.3 mc -8.2 t 611s
td3_ln00_L2_utd1_pd2_s9 step 100000 ret 8.7 bias -19.87 q -17.1 mc 2.8 t 671s
td3_ln00_L2_utd1_pd2_s9 step 110000 ret -85.1 bias 1.70 q -18.8 mc -20.5 t 728s
td3_ln00_L2_utd1_pd2_s9 step 120000 ret -11.6 bias -16.62 q -11.5 mc 5.1 t 785s
td3_ln00_L2_utd1_pd2_s9 step 130000 ret -6.2 bias -3.77 q 0.2 mc 3.9 t 841s
td3_ln00_L2_utd1_pd2_s9 step 140000 ret -4.9 bias -9.24 q -2.4 mc 6.9 t 897s
td3_ln00_L2_utd1_pd2_s9 step 150000 ret -3.1 bias -5.06 q -3.6 mc 1.5 t 951s
td3_ln00_L2_utd1_pd2_s9 step 160000 ret -76.2 bias 8.90 q 3.2 mc -5.7 t 1005s
td3_ln00_L2_utd1_pd2_s9 step 170000 ret -73.5 bias 3.67 q -2.5 mc -6.2 t 1058s
td3_ln00_L2_utd1_pd2_s9 step 180000 ret -26.9 bias -2.53 q -2.7 mc -0.1 t 1111s
td3_ln00_L2_utd1_pd2_s9 step 190000 ret -16.2 bias -6.98 q -4.2 mc 2.7 t 1165s
td3_ln00_L2_utd1_pd2_s9 step 200000 ret 0.1 bias -9.91 q -6.9 mc 3.1 t 1219s
td3_ln00_L2_utd1_pd2_s9 step 210000 ret -12.1 bias -7.90 q -5.9 mc 2.0 t 1272s
td3_ln00_L2_utd1_pd2_s9 step 220000 ret -52.1 bias 5.50 q -4.1 mc -9.6 t 1326s
td3_ln00_L2_utd1_pd2_s9 step 230000 ret 7.8 bias -8.28 q -4.0 mc 4.3 t 1379s
td3_ln00_L2_utd1_pd2_s9 step 240000 ret -20.2 bias -1.75 q 3.3 mc 5.0 t 1433s
td3_ln00_L2_utd1_pd2_s9 step 250000 ret 10.8 bias -10.18 q -3.1 mc 7.1 t 1486s
td3_ln00_L2_utd1_pd2_s9 step 260000 ret -3.4 bias -11.15 q -6.4 mc 4.7 t 1540s
td3_ln00_L2_utd1_pd2_s9 step 270000 ret -10.9 bias -4.14 q -0.7 mc 3.5 t 1592s
td3_ln00_L2_utd1_pd2_s9 step 280000 ret -18.8 bias -6.98 q -5.1 mc 1.9 t 1644s
td3_ln00_L2_utd1_pd2_s9 step 290000 ret 4.6 bias -7.06 q -3.4 mc 3.6 t 1696s
td3_ln00_L2_utd1_pd2_s9 step 300000 ret -8.2 bias -1.64 q -1.8 mc -0.2 t 1747s
