td3_ln10_L2_utd1_pd2_s8 step 10000 ret -135.3 bias 81.45 q -0.7 mc -82.1 t 1s
td3_ln10_L2_utd1_pd2_s8 step 20000 ret -2.6 bias 3.39 q -0.8 mc -4.1 t 126s
td3_ln10_L2_utd1_pd2_s8 step 30000 ret -46.1 bias 24.04 q 3.9 mc -20.2 t 251s
td3_ln10_L2_utd1_pd2_s8 step 40000 ret -59.7 bias 21.31 q 6.8 mc -14.5 t 376s
td3_ln10_L2_utd1_pd2_s8 step 50000 ret -51.2 bias 32.13 q 14.4 mc -17.8 t 501s
td3_ln10_L2_utd1_pd2_s8 step 60000 ret -26.8 bias 30.29 q 4.9 mc -25.4 t 626s
td3_ln10_L2_utd1_pd2_s8 step 70000 ret -56.0 bias 26.45 q -0.1 mc -26.6 t 761s
td3_ln10_L2_utd1_pd2_s8 step 80000 ret -230.6 bias 46.29 q -3.4 mc -49.7 t 896s
td3_ln10_L2_utd1_pd2_s8 step 90000 ret -98.0 bias 19.41 q -0.2 mc -19.6 t 1032s
td3_ln10_L2_utd1_pd2_s8 step 100000 ret -119.7 bias 17.29 q -2.6 mc -19.9 t 1169s
td3_ln10_L2_utd1_pd2_s8 step 110000 ret -46.4 bias 6.91 q 5.0 mc -1.9 t 1305s
td3_ln10_L2_utd1_pd2_s8 step 120000 ret 43.3 bias -16.49 q -10.7 mc 5.8 t 1442s
td3_ln10_L2_utd1_pd2_s8 step 130000 ret 85.6 bias -16.98 q -11.2 mc 5.8 t 1578s
td3_ln10_L2_utd1_pd2_s8 step 140000 ret -7.2 bias 2.47 q 7.3 mc 4.8 t 1716s
td3_ln10_L2_utd1_pd2_s8 step 150000 ret 84.0 bias 4.80 q 16.8 mc 12.0 t 1854s
td3_ln10_L2_utd1_pd2_s8 step 160000 ret -5.7 bias 11.45 q 13.6 mc 2.2 t 1987s
td3_ln10_L2_utd1_pd2_s8 step 170000 ret 5.0 bias 3.35 q 7.7 mc 4.4 t 2118s
td3_ln10_L2_utd1_pd2_s8 step 180000 ret 28.9 bias -3.85 q 3.2 mc 7.0 t 2248s
td3_ln10_L2_utd1_pd2_s8 step 190000 ret 162.3 bias -19.18 q 6.3 mc 25.5 t 2379s
td3_ln10_L2_utd1_pd2_s8 step 200000 ret 69.0 bias -5.22 q 4.7 mc 9.9 t 2506s
td3_ln10_L2_utd1_pd2_s8 step 210000 ret 108.7 bias -15.10 q -1.0 mc 14.1 t 2621s
td3_ln10_L2_utd1_pd2_s8 step 220000 ret 165.0 bias -19.66 q 9.5 mc 29.2 t 2728s
td3_ln10_L2_utd1_pd2_s8 step 230000 ret 204.9 bias -24.48 q 16.0 mc 40.5 t 2832s
td3_ln10_L2_utd1_pd2_s8 step 240000 ret 225.8 bias -24.42 q 18.8 mc 43.2 t 2906s
td3_ln10_L2_utd1_pd2_s8 step 250000 ret 233.4 bias -25.71 q 22.7 mc 48.4 t 2972s
td3_ln10_L2_utd1_pd2_s8 step 260000 ret 223.7 bias -17.51 q 20.0 mc 37.5 t 3036s
td3_ln10_L2_utd1_pd2_s8 step 270000 ret 226.1 bias -14.87 q 24.4 mc 39.3 t 3099s
td3_ln10_L2_utd1_pd2_s8 step 280000 ret 58.1 bias -2.10 q 7.9 mc 10.0 t 3162s
td3_ln10_L2_utd1_pd2_s8 step 290000 ret 170.6 bias 8.10 q 31.8 mc 23.7 t 3223s
td3_ln10_L2_utd1_pd2_s8 step 300000 ret 183.3 bias -5.31 q 34.7 mc 40.0 t 3285s
