td3_ln00_L2_utd1_pd2_s1 step 10000 ret -147.6 bias 86.08 q -0.0 mc -86.1 t 1s
td3_ln00_L2_utd1_pd2_s1 step 20000 ret -149.2 bias 22.62 q 0.6 mc -22.0 t 121s
td3_ln00_L2_utd1_pd2_s1 step 30000 ret -34.0 bias 6.50 q -2.0 mc -8.5 t 240s
td3_ln00_L2_utd1_pd2_s1 step 40000 ret -182.7 bias 24.27 q -8.9 mc -33.1 t 350s
td3_ln00_L2_utd1_pd2_s1 step 50000 ret -78.1 bias -0.71 q -10.1 mc -9.4 t 459s
td3_ln00_L2_utd1_pd2_s1 step 60000 ret 13.0 bias -15.89 q -12.5 mc 3.4 t 569s
td3_ln00_L2_utd1_pd2_s1 step 70000 ret -3.7 bias -15.35 q -18.9 mc -3.6 t 680s
td3_ln00_L2_utd1_pd2_s1 step 80000 ret -47.3 bias -8.47 q -12.2 mc -3.7 t 792s
td3_ln00_L2_utd1_pd2_s1 step 90000 ret -44.1 bias -8.73 q -11.0 mc -2.3 t 905s
td3_ln00_L2_utd1_pd2_s1 step 100000 ret -6.6 bias -17.01 q -12.5 mc 4.6 t 1019s
td3_ln00_L2_utd1_pd2_s1 step 110000 ret -35.5 bias -2.23 q -6.7 mc -4.5 t 1139s
td3_ln00_L2_utd1_pd2_s1 step 120000 ret -94.1 bias 15.33 q 2.3 mc -13.0 t 1261s
td3_ln00_L2_utd1_pd2_s1 step 130000 ret -67.9 bias 1.96 q -6.3 mc -8.3 t 1382s
td3_ln00_L2_utd1_pd2_s1 step 140000 ret -64.2 bias 4.31 q -0.9 mc -5.2 t 1504s
td3_ln00_L2_utd1_pd2_s1 step 150000 ret -72.5 bias -0.71 q -8.6 mc -7.9 t 1625s
td3_ln00_L2_utd1_pd2_s1 step 160000 ret -49.2 bias 0.03 q -4.3 mc -4.3 t 1747s
td3_ln00_L2_utd1_pd2_s1 step 170000 ret -57.0 bias -2.27 q -7.1 mc -4.8 t 1869s
td3_ln00_L2_utd1_pd2_s1 step 180000 ret -57.7 bias -1.34 q -8.4 mc -7.1 t 1990s
td3_ln00_L2_utd1_pd2_s1 step 190000 ret -32.4 bias -6.78 q -10.2 mc -3.5 t 2112s
td3_ln00_L2_utd1_pd2_s1 step 200000 ret -52.9 bias -7.08 q -11.1 mc -4.0 t 2232s
td3_ln00_L2_utd1_pd2_s1 step 210000 ret -27.6 bias -11.53 q -14.5 mc -3.0 t 2352s
td3_ln00_L2_utd1_pd2_s1 step 220000 ret 5.1 bias -10.40 q -7.3 mc 3.1 t 2472s
td3_ln00_L2_utd1_pd2_s1 step 230000 ret -85.2 bias 3.67 q -4.9 mc -8.6 t 2592s
td3_ln00_L2_utd1_pd2_s1 step 240000 ret -26.1 bias -4.41 q -5.0 mc -0.6 t 2712s
td3_ln00_L2_utd1_pd2_s1 step 250000 ret -61.6 bias -1.40 q -13.1 mc -11.7 t 2832s
td3_ln00_L2_utd1_pd2_s1 step 260000 ret -30.2 bias -7.51 q -8.6 mc -1.1 t 2953s
td3_ln00_L2_utd1_pd2_s1 step 270000 ret -1.8 bias -14.46 q -10.5 mc 4.0 t 3069s
td3_ln00_L2_utd1_pd2_s1 step 280000 ret -38.6 bias -5.52 q -5.7 mc -0.2 t 3184s
td3_ln00_L2_utd1_pd2_s1 step 290000 ret -30.9 bias -7.34 q -7.4 mc -0.1 t 3306s
td3_ln00_L2_utd1_pd2_s1 step 300000 ret -29.3 bias -7.37 q -8.4 mc -1.0 t 3428s
