td3_ln10_L2_utd1_pd2_s5 step 10000 ret -200.8 bias 113.05 q 0.4 mc -112.7 t 1s
td3_ln10_L2_utd1_pd2_s5 step 20000 ret -175.9 bias 47.25 q 9.8 mc -37.4 t 137s
td3_ln10_L2_utd1_pd2_s5 step 30000 ret -97.3 bias 53.76 q 7.2 mc -46.5 t 271s
td3_ln10_L2_utd1_pd2_s5 step 40000 ret -83.9 bias 14.24 q 4.0 mc -10.2 t 407s
td3_ln10_L2_utd1_pd2_s5 step 50000 ret -92.4 bias 33.46 q -7.3 mc -40.8 t 541s
td3_ln10_L2_utd1_pd2_s5 step 60000 ret -39.5 bias 11.65 q 4.9 mc -6.8 t 668s
td3_ln10_L2_utd1_pd2_s5 step 70000 ret -63.3 bias 14.38 q 9.1 mc -5.2 t 794s
td3_ln10_L2_utd1_pd2_s5 step 80000 ret 22.2 bias 1.98 q 3.3 mc 1.3 t 920s
td3_ln10_L2_utd1_pd2_s5 step 90000 ret 15.2 bias 4.95 q 9.6 mc 4.6 t 1046s
td3_ln10_L2_utd1_pd2_s5 step 100000 ret -101.2 bias 32.63 q -1.1 mc -33.7 t 1169s
td3_ln10_L2_utd1_pd2_s5 step 110000 ret -24.3 bias 18.84 q 18.7 mc -0.1 t 1294s
td3_ln10_L2_utd1_pd2_s5 step 120000 ret -7.0 bias 13.28 q 16.5 mc 3.2 t 1419s
td3_ln10_L2_utd1_pd2_s5 step 130000 ret -43.6 bias 11.77 q 0.8 mc -11.0 t 1545s
td3_ln10_L2_utd1_pd2_s5 step 140000 ret -22.3 bias 20.23 q 18.2 mc -2.0 t 1672s
td3_ln10_L2_utd1_pd2_s5 step 150000 ret 51.1 bias 19.17 q 25.7 mc 6.6 t 1800s
td3_ln10_L2_utd1_pd2_s5 step 160000 ret 93.4 bias 13.76 q 31.8 mc 18.0 t 1927s
td3_ln10_L2_utd1_pd2_s5 step 170000 ret 148.3 bias 11.28 q 34.5 mc 23.2 t 2055s
td3_ln10_L2_utd1_pd2_s5 step 180000 ret 161.8 bias 3.92 q 28.6 mc 24.7 t 2182s
td3_ln10_L2_utd1_pd2_s5 step 190000 ret 147.5 bias -3.95 q 27.3 mc 31.2 t 2310s
td3_ln10_L2_utd1_pd2_s5 step 200000 ret 149.7 bias -1.35 q 24.2 mc 25.6 t 2437s
td3_ln10_L2_utd1_pd2_s5 step 210000 ret 130.0 bias -3.64 q 20.0 mc 23.7 t 2565s
td3_ln10_L2_utd1_pd2_s5 step 220000 ret 245.7 bias -26.81 q 38.7 mc 65.5 t 2693s
td3_ln10_L2_utd1_pd2_s5 step 230000 ret 225.0 bias -11.77 q 24.8 mc 36.6 t 2821s
td3_ln10_L2_utd1_pd2_s5 step 240000 ret 236.9 bias -21.72 q 46.7 mc 68.4 t 2951s
td3_ln10_L2_utd1_pd2_s5 step 250000 ret 256.7 bias -23.22 q 55.3 mc 78.5 t 3080s
td3_ln10_L2_utd1_pd2_s5 step 260000 ret 239.2 bias -18.93 q 39.2 mc 58.1 t 3210s
td3_ln10_L2_utd1_pd2_s5 step 270000 ret 256.2 bias -3.72 q 51.8 mc 55.5 t 3340s
td3_ln10_L2_utd1_pd2_s5 step 280000 ret 259.4 bias -11.98 q 54.6 mc 66.6 t 3460s
td3_ln10_L2_utd1_pd2_s5 step 290000 ret 266.1 bias -24.40 q 72.1 mc 96.5 t 3566s
td3_ln10_L2_utd1_pd2_s5 step 300000 ret 261.5 bias 9.16 q 59.5 mc 50.3 t 3672s
